Component: ARM Compiler 5.06 update 4 (build 422) Tool: armlink [4d35d2]

==============================================================================

Section Cross References

    main.o(i.main) refers to allinit.o(i.allInit) for allInit
    main.o(i.main) refers to usart7.o(i.uart_test) for uart_test
    system_stm32f4xx.o(i.SystemCoreClockUpdate) refers to system_stm32f4xx.o(.data) for SystemCoreClock
    system_stm32f4xx.o(i.SystemInit) refers to system_stm32f4xx.o(i.SetSysClock) for SetSysClock
    startup_stm32f427x.o(STACK) refers (Special) to heapauxi.o(.text) for __use_two_region_memory
    startup_stm32f427x.o(HEAP) refers (Special) to heapauxi.o(.text) for __use_two_region_memory
    startup_stm32f427x.o(RESET) refers (Special) to heapauxi.o(.text) for __use_two_region_memory
    startup_stm32f427x.o(RESET) refers to startup_stm32f427x.o(STACK) for __initial_sp
    startup_stm32f427x.o(RESET) refers to startup_stm32f427x.o(.text) for Reset_Handler
    startup_stm32f427x.o(RESET) refers to stm32f4xx_it.o(i.NMI_Handler) for NMI_Handler
    startup_stm32f427x.o(RESET) refers to stm32f4xx_it.o(i.HardFault_Handler) for HardFault_Handler
    startup_stm32f427x.o(RESET) refers to stm32f4xx_it.o(i.MemManage_Handler) for MemManage_Handler
    startup_stm32f427x.o(RESET) refers to stm32f4xx_it.o(i.BusFault_Handler) for BusFault_Handler
    startup_stm32f427x.o(RESET) refers to stm32f4xx_it.o(i.UsageFault_Handler) for UsageFault_Handler
    startup_stm32f427x.o(RESET) refers to stm32f4xx_it.o(i.SVC_Handler) for SVC_Handler
    startup_stm32f427x.o(RESET) refers to stm32f4xx_it.o(i.DebugMon_Handler) for DebugMon_Handler
    startup_stm32f427x.o(RESET) refers to stm32f4xx_it.o(i.PendSV_Handler) for PendSV_Handler
    startup_stm32f427x.o(RESET) refers to stm32f4xx_it.o(i.SysTick_Handler) for SysTick_Handler
    startup_stm32f427x.o(RESET) refers to can1.o(i.CAN1_TX_IRQHandler) for CAN1_TX_IRQHandler
    startup_stm32f427x.o(RESET) refers to can1.o(i.CAN1_RX0_IRQHandler) for CAN1_RX0_IRQHandler
    startup_stm32f427x.o(RESET) refers to timer.o(i.TIM2_IRQHandler) for TIM2_IRQHandler
    startup_stm32f427x.o(RESET) refers to usart1.o(i.USART1_IRQHandler) for USART1_IRQHandler
    startup_stm32f427x.o(RESET) refers to usart3.o(i.USART3_IRQHandler) for USART3_IRQHandler
    startup_stm32f427x.o(RESET) refers to tim5init.o(i.TIM5_IRQHandler) for TIM5_IRQHandler
    startup_stm32f427x.o(RESET) refers to tim6init.o(i.TIM6_DAC_IRQHandler) for TIM6_DAC_IRQHandler
    startup_stm32f427x.o(RESET) refers to can2.o(i.CAN2_TX_IRQHandler) for CAN2_TX_IRQHandler
    startup_stm32f427x.o(RESET) refers to can2.o(i.CAN2_RX0_IRQHandler) for CAN2_RX0_IRQHandler
    startup_stm32f427x.o(RESET) refers to usart6.o(i.USART6_IRQHandler) for USART6_IRQHandler
    startup_stm32f427x.o(.text) refers (Special) to heapauxi.o(.text) for __use_two_region_memory
    startup_stm32f427x.o(.text) refers to system_stm32f4xx.o(i.SystemInit) for SystemInit
    startup_stm32f427x.o(.text) refers to __main.o(!!!main) for __main
    startup_stm32f427x.o(.text) refers to startup_stm32f427x.o(HEAP) for Heap_Mem
    startup_stm32f427x.o(.text) refers to startup_stm32f427x.o(STACK) for Stack_Mem
    stm32f4xx_adc.o(i.ADC_DeInit) refers to stm32f4xx_rcc.o(i.RCC_APB2PeriphResetCmd) for RCC_APB2PeriphResetCmd
    stm32f4xx_can.o(i.CAN_DeInit) refers to stm32f4xx_rcc.o(i.RCC_APB1PeriphResetCmd) for RCC_APB1PeriphResetCmd
    stm32f4xx_can.o(i.CAN_GetITStatus) refers to stm32f4xx_can.o(i.CheckITStatus) for CheckITStatus
    stm32f4xx_cryp.o(i.CRYP_DeInit) refers to stm32f4xx_rcc.o(i.RCC_AHB2PeriphResetCmd) for RCC_AHB2PeriphResetCmd
    stm32f4xx_cryp_aes.o(i.CRYP_AES_CBC) refers to stm32f4xx_cryp.o(i.CRYP_KeyStructInit) for CRYP_KeyStructInit
    stm32f4xx_cryp_aes.o(i.CRYP_AES_CBC) refers to stm32f4xx_cryp.o(i.CRYP_FIFOFlush) for CRYP_FIFOFlush
    stm32f4xx_cryp_aes.o(i.CRYP_AES_CBC) refers to stm32f4xx_cryp.o(i.CRYP_Init) for CRYP_Init
    stm32f4xx_cryp_aes.o(i.CRYP_AES_CBC) refers to stm32f4xx_cryp.o(i.CRYP_KeyInit) for CRYP_KeyInit
    stm32f4xx_cryp_aes.o(i.CRYP_AES_CBC) refers to stm32f4xx_cryp.o(i.CRYP_Cmd) for CRYP_Cmd
    stm32f4xx_cryp_aes.o(i.CRYP_AES_CBC) refers to stm32f4xx_cryp.o(i.CRYP_GetFlagStatus) for CRYP_GetFlagStatus
    stm32f4xx_cryp_aes.o(i.CRYP_AES_CBC) refers to stm32f4xx_cryp.o(i.CRYP_IVInit) for CRYP_IVInit
    stm32f4xx_cryp_aes.o(i.CRYP_AES_CBC) refers to stm32f4xx_cryp.o(i.CRYP_GetCmdStatus) for CRYP_GetCmdStatus
    stm32f4xx_cryp_aes.o(i.CRYP_AES_CBC) refers to stm32f4xx_cryp.o(i.CRYP_DataIn) for CRYP_DataIn
    stm32f4xx_cryp_aes.o(i.CRYP_AES_CBC) refers to stm32f4xx_cryp.o(i.CRYP_DataOut) for CRYP_DataOut
    stm32f4xx_cryp_aes.o(i.CRYP_AES_CCM) refers to stm32f4xx_cryp.o(i.CRYP_KeyStructInit) for CRYP_KeyStructInit
    stm32f4xx_cryp_aes.o(i.CRYP_AES_CCM) refers to stm32f4xx_cryp.o(i.CRYP_FIFOFlush) for CRYP_FIFOFlush
    stm32f4xx_cryp_aes.o(i.CRYP_AES_CCM) refers to stm32f4xx_cryp.o(i.CRYP_KeyInit) for CRYP_KeyInit
[...]
    .data                                    0x20000814   Section       56  dataprocessing.o(.data)
    .bss                                     0x2000084c   Section      176  allinit.o(.bss)
    .bss                                     0x200008fc   Section       60  usart1.o(.bss)
    REMOTE_DMA_RX_BUF                        0x200008fc   Data          60  usart1.o(.bss)
    .bss                                     0x20000938   Section      168  usart6.o(.bss)
    .bss                                     0x200009e0   Section      399  usart3.o(.bss)
    .bss                                     0x20000b6f   Section      195  timer.o(.bss)
    .bss                                     0x20000c32   Section       22  remotetask.o(.bss)
    .bss                                     0x20000c48   Section     1232  encodertask.o(.bss)
    .bss                                     0x20001118   Section       96  libspace.o(.bss)
    HEAP                                     0x20001178   Section      512  startup_stm32f427x.o(HEAP)
    Heap_Mem                                 0x20001178   Data         512  startup_stm32f427x.o(HEAP)
    STACK                                    0x20001378   Section     1024  startup_stm32f427x.o(STACK)
    Stack_Mem                                0x20001378   Data        1024  startup_stm32f427x.o(STACK)
    __initial_sp                             0x20001778   Data           0  startup_stm32f427x.o(STACK)

    Global Symbols

    Symbol Name                              Value     Ov Type        Size  Object(Section)

    BuildAttributes$$THM_ISAv4$E$P$D$K$B$S$7EM$VFPi3$EXTD16$VFPS$VFMA$PE$A:L22UL41UL21$X:L11$S22US41US21$IEEE1$IW$USESV6$~STKCKD$USESV7$~SHL$OTIME$ROPI$IEEEX$EBA8$UX$STANDARDLIB$REQ8$PRES8$EABIv2 0x00000000   Number         0  anon$$obj.o ABSOLUTE
    __ARM_use_no_argv                        0x00000000   Number         0  main.o ABSOLUTE
    __ARM_exceptions_init                     - Undefined Weak Reference
    __alloca_initialize                       - Undefined Weak Reference
    __arm_preinit_                            - Undefined Weak Reference
    __cpp_initialize__aeabi_                  - Undefined Weak Reference
    __cxa_finalize                            - Undefined Weak Reference
    __rt_locale                               - Undefined Weak Reference
    __sigvec_lookup                           - Undefined Weak Reference
    _atexit_init                              - Undefined Weak Reference
    _call_atexit_fns                          - Undefined Weak Reference
    _clock_init                               - Undefined Weak Reference
    _fp_trap_init                             - Undefined Weak Reference
    _fp_trap_shutdown                         - Undefined Weak Reference
    _get_lc_collate                           - Undefined Weak Reference
    _get_lc_ctype                             - Undefined Weak Reference
    _get_lc_monetary                          - Undefined Weak Reference
    _get_lc_numeric                           - Undefined Weak Reference
    _get_lc_time                              - Undefined Weak Reference
    _getenv_init                              - Undefined Weak Reference
    _handle_redirection                       - Undefined Weak Reference
    _init_alloc                               - Undefined Weak Reference
    _init_user_alloc                          - Undefined Weak Reference
    _initio                                   - Undefined Weak Reference
    _rand_init                                - Undefined Weak Reference
    _signal_finish                            - Undefined Weak Reference
    _signal_init                              - Undefined Weak Reference
    _terminate_alloc                          - Undefined Weak Reference
    _terminate_user_alloc                     - Undefined Weak Reference
    _terminateio                              - Undefined Weak Reference
    __Vectors_Size                           0x000001ac   Number         0  startup_stm32f427x.o ABSOLUTE
    __Vectors                                0x08000000   Data           4  startup_stm32f427x.o(RESET)
    __Vectors_End                            0x080001ac   Data           0  startup_stm32f427x.o(RESET)
    __main                                   0x080001ad   Thumb Code     8  __main.o(!!!main)
    __scatterload                            0x080001b5   Thumb Code     0  __scatter.o(!!!scatter)
    __scatterload_rt2                        0x080001b5   Thumb Code    44  __scatter.o(!!!scatter)
    __scatterload_rt2_thumb_only             0x080001b5   Thumb Code     0  __scatter.o(!!!scatter)
    __scatterload_null                       0x080001c3   Thumb Code     0  __scatter.o(!!!scatter)
    __decompress                             0x080001e9   Thumb Code    90  __dczerorl2.o(!!dczerorl2)
    __decompress1                            0x080001e9   Thumb Code     0  __dczerorl2.o(!!dczerorl2)
    __scatterload_zeroinit                   0x08000245   Thumb Code    28  __scatter_zi.o(!!handler_zi)
    __rt_lib_init                            0x08000261   Thumb Code     0  libinit.o(.ARM.Collect$$libinit$$00000000)
    __rt_lib_init_fp_1                       0x08000263   Thumb Code     0  libinit2.o(.ARM.Collect$$libinit$$00000001)
    __rt_lib_init_alloca_1                   0x08000267   Thumb Code     0  libinit2.o(.ARM.Collect$$libinit$$0000002E)
    __rt_lib_init_argv_1                     0x08000267   Thumb Code     0  libinit2.o(.ARM.Collect$$libinit$$0000002C)
    __rt_lib_init_atexit_1                   0x08000267   Thumb Code     0  libinit2.o(.ARM.Collect$$libinit$$0000001B)
    __rt_lib_init_clock_1                    0x08000267   Thumb Code     0  libinit2.o(.ARM.Collect$$libinit$$00000021)
    __rt_lib_init_cpp_1                      0x08000267   Thumb Code     0  libinit2.o(.ARM.Collect$$libinit$$00000032)
    __rt_lib_init_exceptions_1               0x08000267   Thumb Code     0  libinit2.o(.ARM.Collect$$libinit$$00000030)
    __rt_lib_init_fp_trap_1                  0x08000267   Thumb Code     0  libinit2.o(.ARM.Collect$$libinit$$0000001F)
    __rt_lib_init_getenv_1                   0x08000267   Thumb Code     0  libinit2.o(.ARM.Collect$$libinit$$00000023)
    __rt_lib_init_heap_1                     0x08000267   Thumb Code     0  libinit2.o(.ARM.Collect$$libinit$$0000000A)
    __rt_lib_init_lc_collate_1               0x08000267   Thumb Code     0  libinit2.o(.ARM.Collect$$libinit$$00000011)
    __rt_lib_init_lc_ctype_1                 0x08000267   Thumb Code     0  libinit2.o(.ARM.Collect$$libinit$$00000013)
    __rt_lib_init_lc_monetary_1              0x08000267   Thumb Code     0  libinit2.o(.ARM.Collect$$libinit$$00000015)
    __rt_lib_init_lc_numeric_1               0x08000267   Thumb Code     0  libinit2.o(.ARM.Collect$$libinit$$00000017)
    __rt_lib_init_lc_time_1                  0x08000267   Thumb Code     0  libinit2.o(.ARM.Collect$$libinit$$00000019)
    __rt_lib_init_preinit_1                  0x08000267   Thumb Code     0  libinit2.o(.ARM.Collect$$libinit$$00000004)
    __rt_lib_init_rand_1                     0x08000267   Thumb Code     0  libinit2.o(.ARM.Collect$$libinit$$0000000E)
    __rt_lib_init_return                     0x08000267   Thumb Code     0  libinit2.o(.ARM.Collect$$libinit$$00000033)
    __rt_lib_init_signal_1                   0x08000267   Thumb Code     0  libinit2.o(.ARM.Collect$$libinit$$0000001D)
    __rt_lib_init_stdio_1                    0x08000267   Thumb Code     0  libinit2.o(.ARM.Collect$$libinit$$00000025)
    __rt_lib_init_user_alloc_1               0x08000267   Thumb Code     0  libinit2.o(.ARM.Collect$$libinit$$0000000C)
    __rt_lib_shutdown                        0x08000269   Thumb Code     0  libshutdown.o(.ARM.Collect$$libshutdown$$00000000)
    __rt_lib_shutdown_cpp_1                  0x0800026b   Thumb Code     0  libshutdown2.o(.ARM.Collect$$libshutdown$$00000002)
    __rt_lib_shutdown_fp_trap_1              0x0800026b   Thumb Code     0  libshutdown2.o(.ARM.Collect$$libshutdown$$00000007)
    __rt_lib_shutdown_heap_1                 0x0800026b   Thumb Code     0  libshutdown2.o(.ARM.Collect$$libshutdown$$0000000F)
    __rt_lib_shutdown_return                 0x0800026b   Thumb Code     0  libshutdown2.o(.ARM.Collect$$libshutdown$$00000010)
    __rt_lib_shutdown_signal_1               0x0800026b   Thumb Code     0  libshutdown2.o(.ARM.Collect$$libshutdown$$0000000A)
    __rt_lib_shutdown_stdio_1                0x0800026b   Thumb Code     0  libshutdown2.o(.ARM.Collect$$libshutdown$$00000004)
    __rt_lib_shutdown_user_alloc_1           0x0800026b   Thumb Code     0  libshutdown2.o(.ARM.Collect$$libshutdown$$0000000C)
    __rt_entry                               0x0800026d   Thumb Code     0  __rtentry.o(.ARM.Collect$$rtentry$$00000000)
    __rt_entry_presh_1                       0x0800026d   Thumb Code     0  __rtentry2.o(.ARM.Collect$$rtentry$$00000002)
    __rt_entry_sh                            0x0800026d   Thumb Code     0  __rtentry4.o(.ARM.Collect$$rtentry$$00000004)
    __rt_entry_li                            0x08000273   Thumb Code     0  __rtentry2.o(.ARM.Collect$$rtentry$$0000000A)
    __rt_entry_postsh_1                      0x08000273   Thumb Code     0  __rtentry2.o(.ARM.Collect$$rtentry$$00000009)
    __rt_entry_main                          0x08000277   Thumb Code     0  __rtentry2.o(.ARM.Collect$$rtentry$$0000000D)
    __rt_entry_postli_1                      0x08000277   Thumb Code     0  __rtentry2.o(.ARM.Collect$$rtentry$$0000000C)
    __rt_exit                                0x0800027f   Thumb Code     0  rtexit.o(.ARM.Collect$$rtexit$$00000000)
    __rt_exit_ls                             0x08000281   Thumb Code     0  rtexit2.o(.ARM.Collect$$rtexit$$00000003)
    __rt_exit_prels_1                        0x08000281   Thumb Code     0  rtexit2.o(.ARM.Collect$$rtexit$$00000002)
    __rt_exit_exit                           0x08000285   Thumb Code     0  rtexit2.o(.ARM.Collect$$rtexit$$00000004)
    Reset_Handler                            0x0800028d   Thumb Code     8  startup_stm32f427x.o(.text)
    ADC_IRQHandler                           0x080002a7   Thumb Code     0  startup_stm32f427x.o(.text)
    CAN1_RX1_IRQHandler                      0x080002a7   Thumb Code     0  startup_stm32f427x.o(.text)
    CAN1_SCE_IRQHandler                      0x080002a7   Thumb Code     0  startup_stm32f427x.o(.text)
    CAN2_RX1_IRQHandler                      0x080002a7   Thumb Code     0  startup_stm32f427x.o(.text)
    CAN2_SCE_IRQHandler                      0x080002a7   Thumb Code     0  startup_stm32f427x.o(.text)
    CRYP_IRQHandler                          0x080002a7   Thumb Code     0  startup_stm32f427x.o(.text)
    DCMI_IRQHandler                          0x080002a7   Thumb Code     0  startup_stm32f427x.o(.text)
    DMA1_Stream0_IRQHandler                  0x080002a7   Thumb Code     0  startup_stm32f427x.o(.text)
    DMA1_Stream1_IRQHandler                  0x080002a7   Thumb Code     0  startup_stm32f427x.o(.text)
    DMA1_Stream2_IRQHandler                  0x080002a7   Thumb Code     0  startup_stm32f427x.o(.text)
    DMA1_Stream3_IRQHandler                  0x080002a7   Thumb Code     0  startup_stm32f427x.o(.text)
    DMA1_Stream4_IRQHandler                  0x080002a7   Thumb Code     0  startup_stm32f427x.o(.text)
    DMA1_Stream5_IRQHandler                  0x080002a7   Thumb Code     0  startup_stm32f427x.o(.text)
    DMA1_Stream6_IRQHandler                  0x080002a7   Thumb Code     0  startup_stm32f427x.o(.text)
    DMA1_Stream7_IRQHandler                  0x080002a7   Thumb Code     0  startup_stm32f427x.o(.text)
    DMA2D_IRQHandler                         0x080002a7   Thumb Code     0  startup_stm32f427x.o(.text)
    DMA2_Stream0_IRQHandler                  0x080002a7   Thumb Code     0  startup_stm32f427x.o(.text)
    DMA2_Stream1_IRQHandler                  0x080002a7   Thumb Code     0  startup_stm32f427x.o(.text)
    DMA2_Stream2_IRQHandler                  0x080002a7   Thumb Code     0  startup_stm32f427x.o(.text)
    DMA2_Stream3_IRQHandler                  0x080002a7   Thumb Code     0  startup_stm32f427x.o(.text)
    DMA2_Stream4_IRQHandler                  0x080002a7   Thumb Code     0  startup_stm32f427x.o(.text)
    DMA2_Stream5_IRQHandler                  0x080002a7   Thumb Code     0  startup_stm32f427x.o(.text)
    DMA2_Stream6_IRQHandler                  0x080002a7   Thumb Code     0  startup_stm32f427x.o(.text)
    DMA2_Stream7_IRQHandler                  0x080002a7   Thumb Code     0  startup_stm32f427x.o(.text)
    ETH_IRQHandler                           0x080002a7   Thumb Code     0  startup_stm32f427x.o(.text)
    ETH_WKUP_IRQHandler                      0x080002a7   Thumb Code     0  startup_stm32f427x.o(.text)
    EXTI0_IRQHandler                         0x080002a7   Thumb Code     0  startup_stm32f427x.o(.text)
    EXTI15_10_IRQHandler                     0x080002a7   Thumb Code     0  startup_stm32f427x.o(.text)
    EXTI1_IRQHandler                         0x080002a7   Thumb Code     0  startup_stm32f427x.o(.text)
    EXTI2_IRQHandler                         0x080002a7   Thumb Code     0  startup_stm32f427x.o(.text)
    EXTI3_IRQHandler                         0x080002a7   Thumb Code     0  startup_stm32f427x.o(.text)
    EXTI4_IRQHandler                         0x080002a7   Thumb Code     0  startup_stm32f427x.o(.text)
    EXTI9_5_IRQHandler                       0x080002a7   Thumb Code     0  startup_stm32f427x.o(.text)
    FLASH_IRQHandler                         0x080002a7   Thumb Code     0  startup_stm32f427x.o(.text)
    FMC_IRQHandler                           0x080002a7   Thumb Code     0  startup_stm32f427x.o(.text)
    FPU_IRQHandler                           0x080002a7   Thumb Code     0  startup_stm32f427x.o(.text)
    HASH_RNG_IRQHandler                      0x080002a7   Thumb Code     0  startup_stm32f427x.o(.text)
    I2C1_ER_IRQHandler                       0x080002a7   Thumb Code     0  startup_stm32f427x.o(.text)
    I2C1_EV_IRQHandler                       0x080002a7   Thumb Code     0  startup_stm32f427x.o(.text)
    I2C2_ER_IRQHandler                       0x080002a7   Thumb Code     0  startup_stm32f427x.o(.text)
    I2C2_EV_IRQHandler                       0x080002a7   Thumb Code     0  startup_stm32f427x.o(.text)
    I2C3_ER_IRQHandler                       0x080002a7   Thumb Code     0  startup_stm32f427x.o(.text)
    I2C3_EV_IRQHandler                       0x080002a7   Thumb Code     0  startup_stm32f427x.o(.text)
    OTG_FS_IRQHandler                        0x080002a7   Thumb Code     0  startup_stm32f427x.o(.text)
    OTG_FS_WKUP_IRQHandler                   0x080002a7   Thumb Code     0  startup_stm32f427x.o(.text)
    OTG_HS_EP1_IN_IRQHandler                 0x080002a7   Thumb Code     0  startup_stm32f427x.o(.text)
    OTG_HS_EP1_OUT_IRQHandler                0x080002a7   Thumb Code     0  startup_stm32f427x.o(.text)
    OTG_HS_IRQHandler                        0x080002a7   Thumb Code     0  startup_stm32f427x.o(.text)
    OTG_HS_WKUP_IRQHandler                   0x080002a7   Thumb Code     0  startup_stm32f427x.o(.text)
    PVD_IRQHandler                           0x080002a7   Thumb Code     0  startup_stm32f427x.o(.text)
    RCC_IRQHandler                           0x080002a7   Thumb Code     0  startup_stm32f427x.o(.text)
    RTC_Alarm_IRQHandler                     0x080002a7   Thumb Code     0  startup_stm32f427x.o(.text)
    RTC_WKUP_IRQHandler                      0x080002a7   Thumb Code     0  startup_stm32f427x.o(.text)
    SAI1_IRQHandler                          0x080002a7   Thumb Code     0  startup_stm32f427x.o(.text)
    SDIO_IRQHandler                          0x080002a7   Thumb Code     0  startup_stm32f427x.o(.text)
    SPI1_IRQHandler                          0x080002a7   Thumb Code     0  startup_stm32f427x.o(.text)
    SPI2_IRQHandler                          0x080002a7   Thumb Code     0  startup_stm32f427x.o(.text)
    SPI3_IRQHandler                          0x080002a7   Thumb Code     0  startup_stm32f427x.o(.text)
    SPI4_IRQHandler                          0x080002a7   Thumb Code     0  startup_stm32f427x.o(.text)
    SPI5_IRQHandler                          0x080002a7   Thumb Code     0  startup_stm32f427x.o(.text)
    SPI6_IRQHandler                          0x080002a7   Thumb Code     0  startup_stm32f427x.o(.text)
    TAMP_STAMP_IRQHandler                    0x080002a7   Thumb Code     0  startup_stm32f427x.o(.text)
    TIM1_BRK_TIM9_IRQHandler                 0x080002a7   Thumb Code     0  startup_stm32f427x.o(.text)
    TIM1_CC_IRQHandler                       0x080002a7   Thumb Code     0  startup_stm32f427x.o(.text)
    TIM1_TRG_COM_TIM11_IRQHandler            0x080002a7   Thumb Code     0  startup_stm32f427x.o(.text)
    TIM1_UP_TIM10_IRQHandler                 0x080002a7   Thumb Code     0  startup_stm32f427x.o(.text)
    TIM3_IRQHandler                          0x080002a7   Thumb Code     0  startup_stm32f427x.o(.text)
    TIM4_IRQHandler                          0x080002a7   Thumb Code     0  startup_stm32f427x.o(.text)
    TIM7_IRQHandler                          0x080002a7   Thumb Code     0  startup_stm32f427x.o(.text)
    TIM8_BRK_TIM12_IRQHandler                0x080002a7   Thumb Code     0  startup_stm32f427x.o(.text)
    TIM8_CC_IRQHandler                       0x080002a7   Thumb Code     0  startup_stm32f427x.o(.text)
    TIM8_TRG_COM_TIM14_IRQHandler            0x080002a7   Thumb Code     0  startup_stm32f427x.o(.text)
    TIM8_UP_TIM13_IRQHandler                 0x080002a7   Thumb Code     0  startup_stm32f427x.o(.text)
    UART4_IRQHandler                         0x080002a7   Thumb Code     0  startup_stm32f427x.o(.text)
    UART5_IRQHandler                         0x080002a7   Thumb Code     0  startup_stm32f427x.o(.text)
    UART7_IRQHandler                         0x080002a7   Thumb Code     0  startup_stm32f427x.o(.text)
    UART8_IRQHandler                         0x080002a7   Thumb Code     0  startup_stm32f427x.o(.text)
    USART2_IRQHandler                        0x080002a7   Thumb Code     0  startup_stm32f427x.o(.text)
    WWDG_IRQHandler                          0x080002a7   Thumb Code     0  startup_stm32f427x.o(.text)
    __user_initial_stackheap                 0x080002a9   Thumb Code     0  startup_stm32f427x.o(.text)
    __use_two_region_memory                  0x080002cd   Thumb Code     2  heapauxi.o(.text)
    __rt_heap_escrow$2region                 0x080002cf   Thumb Code     2  heapauxi.o(.text)
    __rt_heap_expand$2region                 0x080002d1   Thumb Code     2  heapauxi.o(.text)
    __read_errno                             0x080002d3   Thumb Code    10  _rserrno.o(.text)
    __set_errno                              0x080002dd   Thumb Code    12  _rserrno.o(.text)
    __aeabi_errno_addr                       0x080002e9   Thumb Code     8  rt_errno_addr_intlibspace.o(.text)
    __errno$intlibspace                      0x080002e9   Thumb Code     0  rt_errno_addr_intlibspace.o(.text)
    __rt_errno_addr$intlibspace              0x080002e9   Thumb Code     0  rt_errno_addr_intlibspace.o(.text)
    __user_libspace                          0x080002f1   Thumb Code     8  libspace.o(.text)
    __user_perproc_libspace                  0x080002f1   Thumb Code     0  libspace.o(.text)
    __user_perthread_libspace                0x080002f1   Thumb Code     0  libspace.o(.text)
    __user_setup_stackheap                   0x080002f9   Thumb Code    74  sys_stackheap_outer.o(.text)
    exit                                     0x08000343   Thumb Code    18  exit.o(.text)
    _sys_exit                                0x08000355   Thumb Code     8  sys_exit.o(.text)
    __I$use$semihosting                      0x08000361   Thumb Code     0  use_no_semi.o(.text)
    __use_no_semihosting_swi                 0x08000361   Thumb Code     2  use_no_semi.o(.text)
    BusFault_Handler                         0x08000363   Thumb Code     4  stm32f4xx_it.o(i.BusFault_Handler)
    __semihosting_library_function           0x08000363   Thumb Code     0  indicate_semi.o(.text)
    CAN1_Configuration                       0x08000369   Thumb Code   260  can1.o(i.CAN1_Configuration)
    CAN1_RX0_IRQHandler                      0x08000475   Thumb Code    50  can1.o(i.CAN1_RX0_IRQHandler)
    CAN1_TX_IRQHandler                       0x080004b1   Thumb Code    22  can1.o(i.CAN1_TX_IRQHandler)
    CAN2_Configuration                       0x080004cd   Thumb Code   276  can2.o(i.CAN2_Configuration)
    CAN2_RX0_IRQHandler                      0x080005e9   Thumb Code    50  can2.o(i.CAN2_RX0_IRQHandler)
    CAN2_TX_IRQHandler                       0x08000625   Thumb Code    22  can2.o(i.CAN2_TX_IRQHandler)
    CAN_ClearFlag                            0x08000641   Thumb Code    52  stm32f4xx_can.o(i.CAN_ClearFlag)
    CAN_ClearITPendingBit                    0x08000679   Thumb Code   162  stm32f4xx_can.o(i.CAN_ClearITPendingBit)
    CAN_DeInit                               0x08000721   Thumb Code    50  stm32f4xx_can.o(i.CAN_DeInit)
    CAN_FilterInit                           0x08000759   Thumb Code   258  stm32f4xx_can.o(i.CAN_FilterInit)
    CAN_GetITStatus                          0x08000861   Thumb Code   284  stm32f4xx_can.o(i.CAN_GetITStatus)
    CAN_ITConfig                             0x08000981   Thumb Code    18  stm32f4xx_can.o(i.CAN_ITConfig)
    CAN_Init                                 0x08000993   Thumb Code   276  stm32f4xx_can.o(i.CAN_Init)
    CAN_Receive                              0x08000aa7   Thumb Code   240  stm32f4xx_can.o(i.CAN_Receive)
    CAN_StructInit                           0x08000b97   Thumb Code    32  stm32f4xx_can.o(i.CAN_StructInit)
    CAN_Transmit                             0x08000bb7   Thumb Code   294  stm32f4xx_can.o(i.CAN_Transmit)
    Can2_ReceiveMsgProcess                   0x08000cdd   Thumb Code   520  encodertask.o(i.Can2_ReceiveMsgProcess)
    CanReceiveMsgProcess                     0x08000f19   Thumb Code   208  encodertask.o(i.CanReceiveMsgProcess)
    Claw_Position_set                        0x08001019   Thumb Code   128  motortask.o(i.Claw_Position_set)
    Claw_Position_set_ground                 0x080010a9   Thumb Code   128  motortask.o(i.Claw_Position_set_ground)
    Claw_Position_set_ground_slow2           0x08001139   Thumb Code   128  motortask.o(i.Claw_Position_set_ground_slow2)
    Claw_Position_set_slow                   0x080011cd   Thumb Code   128  motortask.o(i.Claw_Position_set_slow)
    Claw_Position_set_slow2                  0x0800125d   Thumb Code   128  motortask.o(i.Claw_Position_set_slow2)
    ControtLoopTaskInit                      0x080012ed   Thumb Code   248  controltask.o(i.ControtLoopTaskInit)
    DMA_Cmd                                  0x0800146d   Thumb Code    22  stm32f4xx_dma.o(i.DMA_Cmd)
    DMA_DeInit                               0x08001485   Thumb Code   324  stm32f4xx_dma.o(i.DMA_DeInit)
    DMA_DoubleBufferModeCmd                  0x080015dd   Thumb Code    22  stm32f4xx_dma.o(i.DMA_DoubleBufferModeCmd)
    DMA_DoubleBufferModeConfig               0x080015f3   Thumb Code    24  stm32f4xx_dma.o(i.DMA_DoubleBufferModeConfig)
    DMA_GetCurrDataCounter                   0x0800160b   Thumb Code     8  stm32f4xx_dma.o(i.DMA_GetCurrDataCounter)
    DMA_GetCurrentMemoryTarget               0x08001613   Thumb Code    20  stm32f4xx_dma.o(i.DMA_GetCurrentMemoryTarget)
    DMA_Init                                 0x08001629   Thumb Code    82  stm32f4xx_dma.o(i.DMA_Init)
    DMA_StructInit                           0x08001681   Thumb Code    34  stm32f4xx_dma.o(i.DMA_StructInit)
    DebugMon_Handler                         0x080016a3   Thumb Code     2  stm32f4xx_it.o(i.DebugMon_Handler)
    GPIO_Init                                0x080016a5   Thumb Code   144  stm32f4xx_gpio.o(i.GPIO_Init)
    GPIO_PD_Init                             0x08001735   Thumb Code    44  gpio.o(i.GPIO_PD_Init)
    GPIO_PE6_Init                            0x08001765   Thumb Code    56  gpio.o(i.GPIO_PE6_Init)
    GPIO_PE_Init                             0x080017a1   Thumb Code    56  gpio.o(i.GPIO_PE_Init)
    GPIO_PF_Init                             0x080017dd   Thumb Code    42  gpio.o(i.GPIO_PF_Init)
    GPIO_PH_Init                             0x0800180d   Thumb Code    80  gpio.o(i.GPIO_PH_Init)
    GPIO_PinAFConfig                         0x08001861   Thumb Code    70  stm32f4xx_gpio.o(i.GPIO_PinAFConfig)
    GPIO_ReadInputDataBit                    0x080018a7   Thumb Code    18  stm32f4xx_gpio.o(i.GPIO_ReadInputDataBit)
    GPIO_ReadOutputDataBit                   0x080018b9   Thumb Code    18  stm32f4xx_gpio.o(i.GPIO_ReadOutputDataBit)
    GPIO_ResetBits                           0x080018cb   Thumb Code     4  stm32f4xx_gpio.o(i.GPIO_ResetBits)
    GPIO_SetBits                             0x080018cf   Thumb Code     4  stm32f4xx_gpio.o(i.GPIO_SetBits)
    GPIO_StructInit                          0x080018d3   Thumb Code    18  stm32f4xx_gpio.o(i.GPIO_StructInit)
    GetEncoderBias                           0x080018e5   Thumb Code    20  encodertask.o(i.GetEncoderBias)
    Get_CRC16_Check_Sum                      0x080018f9   Thumb Code    46  crc.o(i.Get_CRC16_Check_Sum)
    Get_CRC8_Check_Sum                       0x0800192d   Thumb Code    30  crc.o(i.Get_CRC8_Check_Sum)
    Get_Time_Micros                          0x08001951   Thumb Code     8  timer.o(i.Get_Time_Micros)
    HardFault_Handler                        0x08001959   Thumb Code     4  stm32f4xx_it.o(i.HardFault_Handler)
    IMUDataProcess                           0x0800195d   Thumb Code   450  usart6.o(i.IMUDataProcess)
    KEY_Scan_X                               0x08001b61   Thumb Code    60  key.o(i.KEY_Scan_X)
    KEY_Scan_Z                               0x08001ba1   Thumb Code    60  key.o(i.KEY_Scan_Z)
    KEY_Scan_ctrl                            0x08001be1   Thumb Code    60  key.o(i.KEY_Scan_ctrl)
    KalmanFilter                             0x08001c21   Thumb Code   134  kalman.o(i.KalmanFilter)
    MemManage_Handler                        0x08001ca7   Thumb Code     4  stm32f4xx_it.o(i.MemManage_Handler)
    MotorExecution                           0x08001cad   Thumb Code   304  motortask.o(i.MotorExecution)
    Motor_2006_EncoderProcess                0x08001e25   Thumb Code   266  encodertask.o(i.Motor_2006_EncoderProcess)
    Motor_3508_EncoderProcess                0x08001f49   Thumb Code   292  encodertask.o(i.Motor_3508_EncoderProcess)
    NMI_Handler                              0x08002085   Thumb Code     2  stm32f4xx_it.o(i.NMI_Handler)
    NVIC_Init                                0x08002089   Thumb Code   106  misc.o(i.NVIC_Init)
    NVIC_PriorityGroupConfig                 0x08002101   Thumb Code    10  misc.o(i.NVIC_PriorityGroupConfig)
    PID_Calc                                 0x08002115   Thumb Code   316  pidregulation.o(i.PID_Calc)
    PID_Calc_1                               0x08002259   Thumb Code   454  pidregulation.o(i.PID_Calc_1)
    PID_Reset                                0x0800242d   Thumb Code    66  pidregulation.o(i.PID_Reset)
    PWM_Configuration_AUTO                   0x08002475   Thumb Code   956  pwm.o(i.PWM_Configuration_AUTO)
    PWM_PD12_Configuration                   0x08002841   Thumb Code    62  pwm.o(i.PWM_PD12_Configuration)
    PWM_PI5_Configuration                    0x08002889   Thumb Code    62  pwm.o(i.PWM_PI5_Configuration)
    PWM_PI6_Configuration                    0x080028d1   Thumb Code    62  pwm.o(i.PWM_PI6_Configuration)
    PendSV_Handler                           0x08002919   Thumb Code     2  stm32f4xx_it.o(i.PendSV_Handler)
    Position_set                             0x0800291d   Thumb Code   128  motortask.o(i.Position_set)
    Position_set_slow                        0x080029b1   Thumb Code   128  motortask.o(i.Position_set_slow)
    RCC_AHB1PeriphClockCmd                   0x08002a45   Thumb Code    26  stm32f4xx_rcc.o(i.RCC_AHB1PeriphClockCmd)
    RCC_APB1PeriphClockCmd                   0x08002a65   Thumb Code    26  stm32f4xx_rcc.o(i.RCC_APB1PeriphClockCmd)
    RCC_APB1PeriphResetCmd                   0x08002a85   Thumb Code    26  stm32f4xx_rcc.o(i.RCC_APB1PeriphResetCmd)
    RCC_APB2PeriphClockCmd                   0x08002aa5   Thumb Code    26  stm32f4xx_rcc.o(i.RCC_APB2PeriphClockCmd)
    RCC_APB2PeriphResetCmd                   0x08002ac5   Thumb Code    26  stm32f4xx_rcc.o(i.RCC_APB2PeriphResetCmd)
    RCC_GetClocksFreq                        0x08002ae5   Thumb Code   214  stm32f4xx_rcc.o(i.RCC_GetClocksFreq)
    RingBuffer_Read                          0x08002bcd   Thumb Code    50  usart3.o(i.RingBuffer_Read)
    RingBuffer_Write                         0x08002c05   Thumb Code    58  usart3.o(i.RingBuffer_Write)
    SVC_Handler                              0x08002c45   Thumb Code     2  stm32f4xx_it.o(i.SVC_Handler)
    Set_CM_Speed                             0x08002d69   Thumb Code    92  motortask.o(i.Set_CM_Speed)
    Set_XM_Speed                             0x08002dc5   Thumb Code    92  motortask.o(i.Set_XM_Speed)
    Set_XM_SpeedPlus                         0x08002e21   Thumb Code    92  motortask.o(i.Set_XM_SpeedPlus)
    Set_XM_SpeedPlus2                        0x08002e7d   Thumb Code    92  motortask.o(i.Set_XM_SpeedPlus2)
    Switch_GPIO_PinSource                    0x08002ed9   Thumb Code   190  pwm.o(i.Switch_GPIO_PinSource)
    SysTick_Handler                          0x08002f97   Thumb Code     2  stm32f4xx_it.o(i.SysTick_Handler)
    SystemInit                               0x08002f99   Thumb Code    88  system_stm32f4xx.o(i.SystemInit)
    TIM2_Configuration                       0x08003001   Thumb Code    60  timer.o(i.TIM2_Configuration)
    TIM2_IRQHandler                          0x0800303d   Thumb Code    30  timer.o(i.TIM2_IRQHandler)
    TIM5_IRQHandler                          0x0800305d   Thumb Code   196  tim5init.o(i.TIM5_IRQHandler)
    TIM6_DAC_IRQHandler                      0x0800312d   Thumb Code    34  tim6init.o(i.TIM6_DAC_IRQHandler)
    TIM6_Init                                0x08003155   Thumb Code    70  tim6init.o(i.TIM6_Init)
    TIM6_Start                               0x080031a1   Thumb Code    30  tim6init.o(i.TIM6_Start)
    TIM_ARRPreloadConfig                     0x080031c5   Thumb Code    24  stm32f4xx_tim.o(i.TIM_ARRPreloadConfig)
    TIM_ClearFlag                            0x080031dd   Thumb Code     6  stm32f4xx_tim.o(i.TIM_ClearFlag)
    TIM_ClearITPendingBit                    0x080031e3   Thumb Code     6  stm32f4xx_tim.o(i.TIM_ClearITPendingBit)
    TIM_Cmd                                  0x080031e9   Thumb Code    24  stm32f4xx_tim.o(i.TIM_Cmd)
    TIM_CtrlPWMOutputs                       0x08003201   Thumb Code    30  stm32f4xx_tim.o(i.TIM_CtrlPWMOutputs)
    TIM_GetCapture1                          0x0800321f   Thumb Code     6  stm32f4xx_tim.o(i.TIM_GetCapture1)
    TIM_GetITStatus                          0x08003225   Thumb Code    34  stm32f4xx_tim.o(i.TIM_GetITStatus)
    TIM_ITConfig                             0x08003247   Thumb Code    18  stm32f4xx_tim.o(i.TIM_ITConfig)
    TIM_OC1Init                              0x08003259   Thumb Code   114  stm32f4xx_tim.o(i.TIM_OC1Init)
    TIM_OC1PolarityConfig                    0x080032d5   Thumb Code    18  stm32f4xx_tim.o(i.TIM_OC1PolarityConfig)
    TIM_OC2Init                              0x080032e9   Thumb Code   154  stm32f4xx_tim.o(i.TIM_OC2Init)
    TIM_OC3Init                              0x0800338d   Thumb Code   150  stm32f4xx_tim.o(i.TIM_OC3Init)
    TIM_OC4Init                              0x0800342d   Thumb Code   112  stm32f4xx_tim.o(i.TIM_OC4Init)
    TIM_SetCompare1                          0x080034a5   Thumb Code     4  stm32f4xx_tim.o(i.TIM_SetCompare1)
    TIM_SetCompare2                          0x080034a9   Thumb Code     4  stm32f4xx_tim.o(i.TIM_SetCompare2)
    TIM_SetCounter                           0x080034ad   Thumb Code     4  stm32f4xx_tim.o(i.TIM_SetCounter)
    TIM_TimeBaseInit                         0x080034b1   Thumb Code   104  stm32f4xx_tim.o(i.TIM_TimeBaseInit)
    USART1_IRQHandler                        0x08003535   Thumb Code   172  usart1.o(i.USART1_IRQHandler)
    USART1_Init                              0x080035f5   Thumb Code   300  usart1.o(i.USART1_Init)
    USART3_IRQHandler                        0x08003735   Thumb Code   482  usart3.o(i.USART3_IRQHandler)
    USART3_Init                              0x0800394d   Thumb Code   304  usart3.o(i.USART3_Init)
    USART6_Configuration                     0x08003a8d   Thumb Code   288  usart6.o(i.USART6_Configuration)
    USART6_IRQHandler                        0x08003bbd   Thumb Code   174  usart6.o(i.USART6_IRQHandler)
    USART7_Init                              0x08003c7d   Thumb Code   188  usart7.o(i.USART7_Init)
    USART_Cmd                                0x08003d41   Thumb Code    24  stm32f4xx_usart.o(i.USART_Cmd)
    USART_DMACmd                             0x08003d59   Thumb Code    18  stm32f4xx_usart.o(i.USART_DMACmd)
    USART_DeInit                             0x08003d6d   Thumb Code   206  stm32f4xx_usart.o(i.USART_DeInit)
    USART_GetITStatus                        0x08003e5d   Thumb Code    84  stm32f4xx_usart.o(i.USART_GetITStatus)
    USART_ITConfig                           0x08003eb1   Thumb Code    74  stm32f4xx_usart.o(i.USART_ITConfig)
    USART_Init                               0x08003efd   Thumb Code   204  stm32f4xx_usart.o(i.USART_Init)
    USART_SendData                           0x08003fd1   Thumb Code     8  stm32f4xx_usart.o(i.USART_SendData)
    USART_StructInit                         0x08003fd9   Thumb Code    24  stm32f4xx_usart.o(i.USART_StructInit)
    UsageFault_Handler                       0x08003ff1   Thumb Code     4  stm32f4xx_it.o(i.UsageFault_Handler)
    VAL_LIMIT                                0x08003ff5   Thumb Code    16  dataprocessing.o(i.VAL_LIMIT)
    VAL_LIMITF                               0x08004005   Thumb Code    32  pidregulation.o(i.VAL_LIMITF)
    WorkStateSwitchProcess                   0x08004025   Thumb Code    26  workstate.o(i.WorkStateSwitchProcess)
    __ARM_fpclassify                         0x08004049   Thumb Code    48  fpclassify.o(i.__ARM_fpclassify)
    __hardfp_cos                             0x08004079   Thumb Code   180  cos.o(i.__hardfp_cos)
    __ieee754_rem_pio2                       0x08004141   Thumb Code   938  rred.o(i.__ieee754_rem_pio2)
    __kernel_cos                             0x08004579   Thumb Code   322  cos_i.o(i.__kernel_cos)
    __kernel_poly                            0x080046e9   Thumb Code   248  poly.o(i.__kernel_poly)
    __kernel_sin                             0x080047e1   Thumb Code   280  sin_i.o(i.__kernel_sin)
    __mathlib_dbl_infnan                     0x08004911   Thumb Code    20  dunder.o(i.__mathlib_dbl_infnan)
    __mathlib_dbl_invalid                    0x08004929   Thumb Code    24  dunder.o(i.__mathlib_dbl_invalid)
    __mathlib_dbl_underflow                  0x08004949   Thumb Code    24  dunder.o(i.__mathlib_dbl_underflow)
    allInit                                  0x08004969   Thumb Code    84  allinit.o(i.allInit)
    camera_system                            0x080049bd   Thumb Code   156  motortask.o(i.camera_system)
    chassis_system                           0x08004a7d   Thumb Code   412  motortask.o(i.chassis_system)
    chooseWorkstate                          0x08004c41   Thumb Code  1484  workstate.o(i.chooseWorkstate)
    controlTask                              0x08005229   Thumb Code   108  controltask.o(i.controlTask)
    fabs                                     0x080052b1   Thumb Code    24  fabs.o(i.fabs)
    getLeftSwitchMode                        0x080052c9   Thumb Code     6  rightswitch.o(i.getLeftSwitchMode)
    getMINERAL                               0x080052d5   Thumb Code    76  workstate.o(i.getMINERAL)
    getRightSwitchMode                       0x08005329   Thumb Code     6  rightswitch.o(i.getRightSwitchMode)
    getRobotState                            0x08005335   Thumb Code    12  usart3.o(i.getRobotState)
    getWorkstate                             0x08005345   Thumb Code     6  workstate.o(i.getWorkstate)
    kalerman_init                            0x08005351   Thumb Code    32  allinit.o(i.kalerman_init)
    kalmanCreate                             0x08005381   Thumb Code    50  kalman.o(i.kalmanCreate)
    main                                     0x080053b9   Thumb Code    12  main.o(i.main)
    motorParameterSettingTask                0x080053c5   Thumb Code 33814  motortask.o(i.motorParameterSettingTask)
    motorstop                                0x0800d845   Thumb Code   136  motortask.o(i.motorstop)
    mouseKeyDataProcessing                   0x0800d925   Thumb Code   698  dataprocessing.o(i.mouseKeyDataProcessing)
    move_system                              0x0800dc35   Thumb Code   148  motortask.o(i.move_system)
    remoteDataProcess                        0x0800dce1   Thumb Code   248  remotetask.o(i.remoteDataProcess)
    remoteDataProcessing                     0x0800dddd   Thumb Code   122  dataprocessing.o(i.remoteDataProcessing)
    rescue_system                            0x0800de5d   Thumb Code   176  motortask.o(i.rescue_system)
    setLeftSwitchMode                        0x0800df2d   Thumb Code    36  rightswitch.o(i.setLeftSwitchMode)
    setRightSwitchMode                       0x0800df55   Thumb Code    36  rightswitch.o(i.setRightSwitchMode)
    uart_test                                0x0800df7d   Thumb Code    16  usart7.o(i.uart_test)
    __aeabi_dneg                             0x0800df95   Thumb Code     0  basic.o(x$fpl$basic)
    _dneg                                    0x0800df95   Thumb Code     6  basic.o(x$fpl$basic)
    __aeabi_fneg                             0x0800df9b   Thumb Code     0  basic.o(x$fpl$basic)
    _fneg                                    0x0800df9b   Thumb Code     6  basic.o(x$fpl$basic)
    _dabs                                    0x0800dfa1   Thumb Code     6  basic.o(x$fpl$basic)
    _fabs                                    0x0800dfa7   Thumb Code     6  basic.o(x$fpl$basic)
    __aeabi_d2f                              0x0800dfad   Thumb Code     0  d2f.o(x$fpl$d2f)
    _d2f                                     0x0800dfad   Thumb Code    98  d2f.o(x$fpl$d2f)
    __aeabi_dadd                             0x0800e011   Thumb Code     0  daddsub_clz.o(x$fpl$dadd)
    _dadd                                    0x0800e011   Thumb Code   332  daddsub_clz.o(x$fpl$dadd)
    __fpl_dcmp_Inf                           0x0800e161   Thumb Code    24  dcmpi.o(x$fpl$dcmpinf)
    __aeabi_ddiv                             0x0800e179   Thumb Code     0  ddiv.o(x$fpl$ddiv)
    _ddiv                                    0x0800e179   Thumb Code   552  ddiv.o(x$fpl$ddiv)
    __aeabi_d2iz                             0x0800e429   Thumb Code     0  dfix.o(x$fpl$dfix)
    _dfix                                    0x0800e429   Thumb Code    94  dfix.o(x$fpl$dfix)
    __aeabi_i2d                              0x0800e487   Thumb Code     0  dflt_clz.o(x$fpl$dflt)
    _dflt                                    0x0800e487   Thumb Code    46  dflt_clz.o(x$fpl$dflt)
    __aeabi_ui2d                             0x0800e4b5   Thumb Code     0  dflt_clz.o(x$fpl$dfltu)
    _dfltu                                   0x0800e4b5   Thumb Code    38  dflt_clz.o(x$fpl$dfltu)
    __aeabi_cdcmple                          0x0800e4dd   Thumb Code     0  dleqf.o(x$fpl$dleqf)
    _dcmple                                  0x0800e4dd   Thumb Code   120  dleqf.o(x$fpl$dleqf)
    __fpl_dcmple_InfNaN                      0x0800e53f   Thumb Code     0  dleqf.o(x$fpl$dleqf)
    __aeabi_dmul                             0x0800e555   Thumb Code     0  dmul.o(x$fpl$dmul)
    _dmul                                    0x0800e555   Thumb Code   332  dmul.o(x$fpl$dmul)
    __fpl_dnaninf                            0x0800e6a9   Thumb Code   156  dnaninf.o(x$fpl$dnaninf)
    __fpl_dretinf                            0x0800e745   Thumb Code    12  dretinf.o(x$fpl$dretinf)
    __aeabi_cdrcmple                         0x0800e751   Thumb Code     0  drleqf.o(x$fpl$drleqf)
    _drcmple                                 0x0800e751   Thumb Code   108  drleqf.o(x$fpl$drleqf)
    __aeabi_drsub                            0x0800e7bd   Thumb Code     0  daddsub_clz.o(x$fpl$drsb)
    _drsb                                    0x0800e7bd   Thumb Code    22  daddsub_clz.o(x$fpl$drsb)
    __aeabi_dsub                             0x0800e7d5   Thumb Code     0  daddsub_clz.o(x$fpl$dsub)
    _dsub                                    0x0800e7d5   Thumb Code   464  daddsub_clz.o(x$fpl$dsub)
    __aeabi_f2d                              0x0800e9a9   Thumb Code     0  f2d.o(x$fpl$f2d)
    _f2d                                     0x0800e9a9   Thumb Code    86  f2d.o(x$fpl$f2d)
    __fpl_fnaninf                            0x0800e9ff   Thumb Code   140  fnaninf.o(x$fpl$fnaninf)
    _fp_init                                 0x0800ea8b   Thumb Code    10  fpinit.o(x$fpl$fpinit)
    __fplib_config_fpu_vfp                   0x0800ea93   Thumb Code     0  fpinit.o(x$fpl$fpinit)
    __fplib_config_pureend_doubles           0x0800ea93   Thumb Code     0  fpinit.o(x$fpl$fpinit)
    __fpl_fretinf                            0x0800ea95   Thumb Code    10  fretinf.o(x$fpl$fretinf)
    CRC8_TAB                                 0x0800ea9e   Data         256  crc.o(.constdata)
    __I$use$fp                               0x0800ea9e   Number         0  usenofp.o(x$fpl$usenofp)
    wCRC_Table                               0x0800eb9e   Data         512  crc.o(.constdata)
    Region$$Table$$Base                      0x0800eec0   Number         0  anon$$obj.o(Region$$Table)
    Region$$Table$$Limit                     0x0800eee0   Number         0  anon$$obj.o(Region$$Table)
    remote_error_time                        0x20000014   Data           4  usart1.o(.data)
    usart6_this_time_rx_len                  0x2000001c   Data           4  usart6.o(.data)
    sendflag                                 0x20000020   Data           4  usart6.o(.data)
    Angles                                   0x20000024   Data           4  usart6.o(.data)
    Gyro                                     0x20000028   Data           6  usart6.o(.data)
    p                                        0x2000002e   Data           2  usart6.o(.data)
    y                                        0x20000030   Data           2  usart6.o(.data)
    last                                     0x20000034   Data           4  usart6.o(.data)
    now                                      0x20000038   Data           4  usart6.o(.data)
    count11                                  0x2000003c   Data           4  usart6.o(.data)
    time5_capture_sta                        0x2000004c   Data           1  tim5init.o(.data)
    time5_capture_val                        0x2000004e   Data           2  tim5init.o(.data)
    CRC8_Ref_Value                           0x20000050   Data           1  usart3.o(.data)
    CRC8_Solve_Value                         0x20000051   Data           1  usart3.o(.data)
    CRC16_Ref_Value                          0x20000052   Data           2  usart3.o(.data)
    CRC16_Solve_Value                        0x20000054   Data           2  usart3.o(.data)
    data_Length                              0x20000056   Data           2  usart3.o(.data)
    Tail_Over_Zero_Value                     0x20000058   Data           2  usart3.o(.data)
    Head_Over_Zero_Value                     0x2000005a   Data           2  usart3.o(.data)
    UART_TranFifo                            0x2000005c   Data           4  usart3.o(.data)
    time_tick_1ms                            0x20000064   Data           4  controltask.o(.data)
    R_Flag_time_tick_1ms                     0x20000068   Data           4  controltask.o(.data)
    Shift_Flag_time_tick_1ms                 0x2000006c   Data           4  controltask.o(.data)
    F_Flag_time_tick_1ms                     0x20000070   Data           4  controltask.o(.data)
    ChassisSpeedRef                          0x20000076   Data           6  remotetask.o(.data)
    RightSwitchMode                          0x2000007c   Data           1  rightswitch.o(.data)
    LeftSwitchMode                           0x2000007d   Data           1  rightswitch.o(.data)
    left_flag                                0x20000080   Data           4  rightswitch.o(.data)
    workstate                                0x20000086   Data           1  workstate.o(.data)
    lastWorkstate                            0x20000087   Data           1  workstate.o(.data)
    miningTaskStatus                         0x20000088   Data           1  workstate.o(.data)
    lastminingTaskStatus                     0x20000089   Data           1  workstate.o(.data)
    barrierTaskStatus                        0x2000008a   Data           1  workstate.o(.data)
    rescueTaskStatus                         0x2000008b   Data           1  workstate.o(.data)
    obstacleTaskStatus                       0x2000008c   Data           1  workstate.o(.data)
    LABELLABEL                               0x2000008d   Data           1  workstate.o(.data)
    CM1SpeedPID                              0x20000090   Data          72  pidregulation.o(.data)
    CM2SpeedPID                              0x200000d8   Data          72  pidregulation.o(.data)
    CM3SpeedPID                              0x20000120   Data          72  pidregulation.o(.data)
    CM4SpeedPID                              0x20000168   Data          72  pidregulation.o(.data)
    LM1PositionPID                           0x200001b0   Data          72  pidregulation.o(.data)
    LM2PositionPID                           0x200001f8   Data          72  pidregulation.o(.data)
    LM1SpeedPID                              0x20000240   Data          72  pidregulation.o(.data)
    LM2SpeedPID                              0x20000288   Data          72  pidregulation.o(.data)
    TM1PositionPID                           0x200002d0   Data          72  pidregulation.o(.data)
    TM2PositionPID                           0x20000318   Data          72  pidregulation.o(.data)
    TM1SpeedPID                              0x20000360   Data          72  pidregulation.o(.data)
    TM2SpeedPID                              0x200003a8   Data          72  pidregulation.o(.data)
    TM5PositionPID                           0x200003f0   Data          72  pidregulation.o(.data)
    TM6PositionPID                           0x20000438   Data          72  pidregulation.o(.data)
    TM5SpeedPID                              0x20000480   Data          72  pidregulation.o(.data)
    TM6SpeedPID                              0x200004c8   Data          72  pidregulation.o(.data)
    TM7PositionPID                           0x20000510   Data          72  pidregulation.o(.data)
    TM8PositionPID                           0x20000558   Data          72  pidregulation.o(.data)
    TM7SpeedPID                              0x200005a0   Data          72  pidregulation.o(.data)
    TM8SpeedPID                              0x200005e8   Data          72  pidregulation.o(.data)
    TM3SpeedPID                              0x20000630   Data          72  pidregulation.o(.data)
    TM4SpeedPID                              0x20000678   Data          72  pidregulation.o(.data)
    TM3PositionPID                           0x200006c0   Data          72  pidregulation.o(.data)
    TM4PositionPID                           0x20000708   Data          72  pidregulation.o(.data)
    height_s                                 0x20000758   Data           4  motortask.o(.data)
    height_s_p                               0x2000075c   Data           4  motortask.o(.data)
    height_b                                 0x20000760   Data           4  motortask.o(.data)
    height_b_p                               0x20000764   Data           4  motortask.o(.data)
    put_height_first                         0x20000768   Data           4  motortask.o(.data)
    put_height_second                        0x2000076c   Data           4  motortask.o(.data)
    claw_out_angel                           0x20000770   Data           4  motortask.o(.data)
    testCompensationvalue                    0x20000774   Data           4  motortask.o(.data)
    flipCompensation                         0x20000778   Data           4  motortask.o(.data)
    flipCompensation_Plus                    0x2000077c   Data           4  motortask.o(.data)
    upliftCompensation_1                     0x20000780   Data           4  motortask.o(.data)
    upliftCompensation_2                     0x20000784   Data           4  motortask.o(.data)
    TMfdb_error                              0x20000788   Data           4  motortask.o(.data)
    motor_time_delay                         0x2000078c   Data           4  motortask.o(.data)
    jiaodu                                   0x20000790   Data           4  motortask.o(.data)
    csd_speed                                0x20000794   Data           4  motortask.o(.data)
    GPIOD14                                  0x20000798   Data           4  motortask.o(.data)
    GPIOD15                                  0x2000079c   Data           4  motortask.o(.data)
    GPIOD13                                  0x200007a0   Data           4  motortask.o(.data)
    GPIOH2                                   0x200007a4   Data           4  motortask.o(.data)
    GPIOH3                                   0x200007a8   Data           4  motortask.o(.data)
    GPIOH4                                   0x200007ac   Data           4  motortask.o(.data)
    GPIOH5                                   0x200007b0   Data           4  motortask.o(.data)
    GPIOF0                                   0x200007b4   Data           4  motortask.o(.data)
    GPIOE4                                   0x200007b8   Data           4  motortask.o(.data)
    GPIOE5                                   0x200007bc   Data           4  motortask.o(.data)
    GPIOE6                                   0x200007c0   Data           4  motortask.o(.data)
    bbb                                      0x200007c4   Data           4  motortask.o(.data)
    aaa                                      0x200007c8   Data           4  motortask.o(.data)
    ccc                                      0x200007cc   Data           4  motortask.o(.data)
    ddd                                      0x200007d0   Data           4  motortask.o(.data)
    eee                                      0x200007d4   Data           4  motortask.o(.data)
    flag_ob                                  0x200007d8   Data           4  motortask.o(.data)
    flag_kj_ts                               0x200007dc   Data           4  motortask.o(.data)
    flag_kj_sz                               0x200007e0   Data           4  motortask.o(.data)
    flag_qk3                                 0x200007e4   Data           4  motortask.o(.data)
    YAW_angle_initial                        0x200007e8   Data           4  motortask.o(.data)
    YAW_angle_target                         0x200007ec   Data           4  motortask.o(.data)
    count_target                             0x200007f0   Data           4  motortask.o(.data)
    flag_ex                                  0x200007f4   Data           4  motortask.o(.data)
    Direction_switching_sign                 0x200007f8   Data           4  motortask.o(.data)
    LM1_Data                                 0x200007fc   Data           4  motortask.o(.data)
    LM2_Data                                 0x20000800   Data           4  motortask.o(.data)
    gl                                       0x20000804   Data           4  motortask.o(.data)
    pre                                      0x20000808   Data           4  motortask.o(.data)
    flag_qudi                                0x2000080c   Data           4  motortask.o(.data)
    move_speed                               0x20000810   Data           4  motortask.o(.data)
    W_Flag                                   0x20000814   Data           1  dataprocessing.o(.data)
    S_Flag                                   0x20000815   Data           1  dataprocessing.o(.data)
    A_Flag                                   0x20000816   Data           1  dataprocessing.o(.data)
    D_Flag                                   0x20000817   Data           1  dataprocessing.o(.data)
    Q_Flag                                   0x20000818   Data           1  dataprocessing.o(.data)
    E_Flag                                   0x20000819   Data           1  dataprocessing.o(.data)
    SHIFT_Flag                               0x2000081a   Data           1  dataprocessing.o(.data)
    CTRL_Flag                                0x2000081b   Data           1  dataprocessing.o(.data)
    R_Flag                                   0x2000081c   Data           1  dataprocessing.o(.data)
    F_Flag                                   0x2000081d   Data           1  dataprocessing.o(.data)
    G_Flag                                   0x2000081e   Data           1  dataprocessing.o(.data)
    Z_Flag                                   0x2000081f   Data           1  dataprocessing.o(.data)
    X_Flag                                   0x20000820   Data           1  dataprocessing.o(.data)
    C_Flag                                   0x20000821   Data           1  dataprocessing.o(.data)
    V_Flag                                   0x20000822   Data           1  dataprocessing.o(.data)
    B_Flag                                   0x20000823   Data           1  dataprocessing.o(.data)
    Mouse_l_Flag                             0x20000824   Data           1  dataprocessing.o(.data)
    Mouse_r_Flag                             0x20000825   Data           1  dataprocessing.o(.data)
    forward_back_speed                       0x20000826   Data           2  dataprocessing.o(.data)
    left_right_speed                         0x20000828   Data           2  dataprocessing.o(.data)
    rotate_speed                             0x2000082a   Data           2  dataprocessing.o(.data)
    LM_Ref                                   0x2000082c   Data           4  dataprocessing.o(.data)
    TM_Ref_0                                 0x20000830   Data           4  dataprocessing.o(.data)
    TM_Ref_1                                 0x20000834   Data           4  dataprocessing.o(.data)
    TM_Ref_2                                 0x20000838   Data           4  dataprocessing.o(.data)
    TM_Ref_3                                 0x2000083c   Data           4  dataprocessing.o(.data)
    TM_Ref_4                                 0x20000840   Data           4  dataprocessing.o(.data)
    TM_Ref_5                                 0x20000844   Data           4  dataprocessing.o(.data)
    TM_Ref_6                                 0x20000848   Data           4  dataprocessing.o(.data)
    p1                                       0x2000084c   Data          44  allinit.o(.bss)
    p2                                       0x20000878   Data          44  allinit.o(.bss)
    p_LM1                                    0x200008a4   Data          44  allinit.o(.bss)
    p_LM2                                    0x200008d0   Data          44  allinit.o(.bss)
    IMU_DMA_RX_BUF                           0x20000938   Data         144  usart6.o(.bss)
    angle                                    0x200009c8   Data          12  usart6.o(.bss)
    Eular                                    0x200009d4   Data          12  usart6.o(.bss)
    USART3_DMA1_RX_BUF                       0x200009e0   Data         216  usart3.o(.bss)
    Save_Element_Array                       0x20000ab8   Data          30  usart3.o(.bss)
    computer_tx_buf                          0x20000ad6   Data          28  usart3.o(.bss)
    buffer                                   0x20000af2   Data         108  usart3.o(.bss)
    robotState                               0x20000b5e   Data          17  usart3.o(.bss)
    system_micrsecond                        0x20000b6f   Data          13  timer.o(.bss)
    shot_frequency_limt                      0x20000b7c   Data          13  timer.o(.bss)
    Yaw_Correction                           0x20000b89   Data          13  timer.o(.bss)
    Remote_microsecond                       0x20000b96   Data          13  timer.o(.bss)
    usart1_microsecond                       0x20000ba3   Data          13  timer.o(.bss)
    mpu6050_micrsecond                       0x20000bb0   Data          13  timer.o(.bss)
    flag1_micrsecond                         0x20000bbd   Data          13  timer.o(.bss)
    flag2_micrsecond                         0x20000bca   Data          13  timer.o(.bss)
    flag3_micrsecond                         0x20000bd7   Data          13  timer.o(.bss)
    flag4_micrsecond                         0x20000be4   Data          13  timer.o(.bss)
    flag5_micrsecond_kj                      0x20000bf1   Data          13  timer.o(.bss)
    flag6_micrsecond_qd1                     0x20000bfe   Data          13  timer.o(.bss)
    flag6_micrsecond_qd2                     0x20000c0b   Data          13  timer.o(.bss)
    flag_move                                0x20000c18   Data          13  timer.o(.bss)
    flag_obtain                              0x20000c25   Data          13  timer.o(.bss)
    RC_CtrlData                              0x20000c32   Data          22  remotetask.o(.bss)
    CM1Encoder                               0x20000c48   Data          88  encodertask.o(.bss)
    CM2Encoder                               0x20000ca0   Data          88  encodertask.o(.bss)
    CM3Encoder                               0x20000cf8   Data          88  encodertask.o(.bss)
    CM4Encoder                               0x20000d50   Data          88  encodertask.o(.bss)
    LM1Encoder                               0x20000da8   Data          88  encodertask.o(.bss)
    LM2Encoder                               0x20000e00   Data          88  encodertask.o(.bss)
    TM1Encoder                               0x20000e58   Data          88  encodertask.o(.bss)
    TM2Encoder                               0x20000eb0   Data          88  encodertask.o(.bss)
    TM3Encoder                               0x20000f08   Data          88  encodertask.o(.bss)
    TM4Encoder                               0x20000f60   Data          88  encodertask.o(.bss)
    TM5Encoder                               0x20000fb8   Data          88  encodertask.o(.bss)
    TM6Encoder                               0x20001010   Data          88  encodertask.o(.bss)
    TM7Encoder                               0x20001068   Data          88  encodertask.o(.bss)
    TM8Encoder                               0x200010c0   Data          88  encodertask.o(.bss)
    __libspace_start                         0x20001118   Data          96  libspace.o(.bss)
    __temporary_stack_top$libspace           0x20001178   Data           0  libspace.o(.bss)



==============================================================================

Memory Map of the image

  Image Entry point : 0x080001ad

  Load Region LR_IROM1 (Base: 0x08000000, Size: 0x0000f72c, Max: 0x00200000, ABSOLUTE, COMPRESSED[0x0000ef94])

    Execution Region ER_IROM1 (Base: 0x08000000, Size: 0x0000eee0, Max: 0x00200000, ABSOLUTE)

    Base Addr    Size         Type   Attr      Idx    E Section Name        Object

    0x08000000   0x000001ac   Data   RO          293    RESET               startup_stm32f427x.o
    0x080001ac   0x00000008   Code   RO         6343  * !!!main             c_w.l(__main.o)
    0x080001b4   0x00000034   Code   RO         6604    !!!scatter          c_w.l(__scatter.o)
    0x080001e8   0x0000005a   Code   RO         6602    !!dczerorl2         c_w.l(__dczerorl2.o)
    0x08000242   0x00000002   PAD
    0x08000244   0x0000001c   Code   RO         6606    !!handler_zi        c_w.l(__scatter_zi.o)
    0x08000260   0x00000002   Code   RO         6475    .ARM.Collect$$libinit$$00000000  c_w.l(libinit.o)
    0x08000262   0x00000004   Code   RO         6478    .ARM.Collect$$libinit$$00000001  c_w.l(libinit2.o)
    0x08000266   0x00000000   Code   RO         6481    .ARM.Collect$$libinit$$00000004  c_w.l(libinit2.o)
    0x08000266   0x00000000   Code   RO         6484    .ARM.Collect$$libinit$$0000000A  c_w.l(libinit2.o)
    0x08000266   0x00000000   Code   RO         6486    .ARM.Collect$$libinit$$0000000C  c_w.l(libinit2.o)
    0x08000266   0x00000000   Code   RO         6488    .ARM.Collect$$libinit$$0000000E  c_w.l(libinit2.o)
    0x08000266   0x00000000   Code   RO         6491    .ARM.Collect$$libinit$$00000011  c_w.l(libinit2.o)
    0x08000266   0x00000000   Code   RO         6493    .ARM.Collect$$libinit$$00000013  c_w.l(libinit2.o)
    0x08000266   0x00000000   Code   RO         6495    .ARM.Collect$$libinit$$00000015  c_w.l(libinit2.o)
    0x08000266   0x00000000   Code   RO         6497    .ARM.Collect$$libinit$$00000017  c_w.l(libinit2.o)
    0x08000266   0x00000000   Code   RO         6499    .ARM.Collect$$libinit$$00000019  c_w.l(libinit2.o)
    0x08000266   0x00000000   Code   RO         6501    .ARM.Collect$$libinit$$0000001B  c_w.l(libinit2.o)
    0x08000266   0x00000000   Code   RO         6503    .ARM.Collect$$libinit$$0000001D  c_w.l(libinit2.o)
    0x08000266   0x00000000   Code   RO         6505    .ARM.Collect$$libinit$$0000001F  c_w.l(libinit2.o)
    0x08000266   0x00000000   Code   RO         6507    .ARM.Collect$$libinit$$00000021  c_w.l(libinit2.o)
    0x08000266   0x00000000   Code   RO         6509    .ARM.Collect$$libinit$$00000023  c_w.l(libinit2.o)
    0x08000266   0x00000000   Code   RO         6511    .ARM.Collect$$libinit$$00000025  c_w.l(libinit2.o)
    0x08000266   0x00000000   Code   RO         6515    .ARM.Collect$$libinit$$0000002C  c_w.l(libinit2.o)
    0x08000266   0x00000000   Code   RO         6517    .ARM.Collect$$libinit$$0000002E  c_w.l(libinit2.o)
    0x08000266   0x00000000   Code   RO         6519    .ARM.Collect$$libinit$$00000030  c_w.l(libinit2.o)
    0x08000266   0x00000000   Code   RO         6521    .ARM.Collect$$libinit$$00000032  c_w.l(libinit2.o)
    0x08000266   0x00000002   Code   RO         6522    .ARM.Collect$$libinit$$00000033  c_w.l(libinit2.o)
    0x08000268   0x00000002   Code   RO         6542    .ARM.Collect$$libshutdown$$00000000  c_w.l(libshutdown.o)
    0x0800026a   0x00000000   Code   RO         6555    .ARM.Collect$$libshutdown$$00000002  c_w.l(libshutdown2.o)
    0x0800026a   0x00000000   Code   RO         6557    .ARM.Collect$$libshutdown$$00000004  c_w.l(libshutdown2.o)
    0x0800026a   0x00000000   Code   RO         6560    .ARM.Collect$$libshutdown$$00000007  c_w.l(libshutdown2.o)
    0x0800026a   0x00000000   Code   RO         6563    .ARM.Collect$$libshutdown$$0000000A  c_w.l(libshutdown2.o)
    0x0800026a   0x00000000   Code   RO         6565    .ARM.Collect$$libshutdown$$0000000C  c_w.l(libshutdown2.o)
    0x0800026a   0x00000000   Code   RO         6568    .ARM.Collect$$libshutdown$$0000000F  c_w.l(libshutdown2.o)
    0x0800026a   0x00000002   Code   RO         6569    .ARM.Collect$$libshutdown$$00000010  c_w.l(libshutdown2.o)
    0x0800026c   0x00000000   Code   RO         6387    .ARM.Collect$$rtentry$$00000000  c_w.l(__rtentry.o)
    0x0800026c   0x00000000   Code   RO         6434    .ARM.Collect$$rtentry$$00000002  c_w.l(__rtentry2.o)
    0x0800026c   0x00000006   Code   RO         6446    .ARM.Collect$$rtentry$$00000004  c_w.l(__rtentry4.o)
    0x08000272   0x00000000   Code   RO         6436    .ARM.Collect$$rtentry$$00000009  c_w.l(__rtentry2.o)
    0x08000272   0x00000004   Code   RO         6437    .ARM.Collect$$rtentry$$0000000A  c_w.l(__rtentry2.o)
    0x08000276   0x00000000   Code   RO         6439    .ARM.Collect$$rtentry$$0000000C  c_w.l(__rtentry2.o)
    0x08000276   0x00000008   Code   RO         6440    .ARM.Collect$$rtentry$$0000000D  c_w.l(__rtentry2.o)
    0x0800027e   0x00000002   Code   RO         6476    .ARM.Collect$$rtexit$$00000000  c_w.l(rtexit.o)
    0x08000280   0x00000000   Code   RO         6524    .ARM.Collect$$rtexit$$00000002  c_w.l(rtexit2.o)
    0x08000280   0x00000004   Code   RO         6525    .ARM.Collect$$rtexit$$00000003  c_w.l(rtexit2.o)
    0x08000284   0x00000006   Code   RO         6526    .ARM.Collect$$rtexit$$00000004  c_w.l(rtexit2.o)
    0x0800028a   0x00000002   PAD
    0x0800028c   0x00000040   Code   RO          294    .text               startup_stm32f427x.o
    0x080002cc   0x00000006   Code   RO         6341    .text               c_w.l(heapauxi.o)
    0x080002d2   0x00000016   Code   RO         6388    .text               c_w.l(_rserrno.o)
    0x080002e8   0x00000008   Code   RO         6451    .text               c_w.l(rt_errno_addr_intlibspace.o)
    0x080002f0   0x00000008   Code   RO         6463    .text               c_w.l(libspace.o)
    0x080002f8   0x0000004a   Code   RO         6466    .text               c_w.l(sys_stackheap_outer.o)
    0x08000342   0x00000012   Code   RO         6468    .text               c_w.l(exit.o)
    0x08000354   0x0000000c   Code   RO         6534    .text               c_w.l(sys_exit.o)
    0x08000360   0x00000002   Code   RO         6545    .text               c_w.l(use_no_semi.o)
    0x08000362   0x00000000   Code   RO         6547    .text               c_w.l(indicate_semi.o)
    0x08000362   0x00000004   Code   RO          185    i.BusFault_Handler  stm32f4xx_it.o
    0x08000366   0x00000002   PAD
    0x08000368   0x0000010c   Code   RO         5323    i.CAN1_Configuration  can1.o
    0x08000474   0x0000003c   Code   RO         5324    i.CAN1_RX0_IRQHandler  can1.o
    0x080004b0   0x0000001c   Code   RO         5325    i.CAN1_TX_IRQHandler  can1.o
    0x080004cc   0x0000011c   Code   RO         5402    i.CAN2_Configuration  can2.o
    0x080005e8   0x0000003c   Code   RO         5403    i.CAN2_RX0_IRQHandler  can2.o
    0x08000624   0x0000001c   Code   RO         5404    i.CAN2_TX_IRQHandler  can2.o
    0x08000640   0x00000038   Code   RO          613    i.CAN_ClearFlag     stm32f4xx_can.o
    0x08000678   0x000000a8   Code   RO          614    i.CAN_ClearITPendingBit  stm32f4xx_can.o
    0x08000720   0x00000038   Code   RO          616    i.CAN_DeInit        stm32f4xx_can.o
    0x08000758   0x00000108   Code   RO          618    i.CAN_FilterInit    stm32f4xx_can.o
    0x08000860   0x00000120   Code   RO          620    i.CAN_GetITStatus   stm32f4xx_can.o
    0x08000980   0x00000012   Code   RO          624    i.CAN_ITConfig      stm32f4xx_can.o
    0x08000992   0x00000114   Code   RO          625    i.CAN_Init          stm32f4xx_can.o
    0x08000aa6   0x000000f0   Code   RO          628    i.CAN_Receive       stm32f4xx_can.o
    0x08000b96   0x00000020   Code   RO          631    i.CAN_StructInit    stm32f4xx_can.o
    0x08000bb6   0x00000126   Code   RO          633    i.CAN_Transmit      stm32f4xx_can.o
    0x08000cdc   0x0000023c   Code   RO         6050    i.Can2_ReceiveMsgProcess  encodertask.o
    0x08000f18   0x000000ec   Code   RO         6051    i.CanReceiveMsgProcess  encodertask.o
    0x08001004   0x00000012   Code   RO          636    i.CheckITStatus     stm32f4xx_can.o
    0x08001016   0x00000002   PAD
    0x08001018   0x00000090   Code   RO         6112    i.Claw_Position_set  motortask.o
    0x080010a8   0x00000090   Code   RO         6113    i.Claw_Position_set_ground  motortask.o
    0x08001138   0x00000094   Code   RO         6114    i.Claw_Position_set_ground_slow2  motortask.o
    0x080011cc   0x00000090   Code   RO         6115    i.Claw_Position_set_slow  motortask.o
    0x0800125c   0x00000090   Code   RO         6116    i.Claw_Position_set_slow2  motortask.o
    0x080012ec   0x00000180   Code   RO         5864    i.ControtLoopTaskInit  controltask.o
    0x0800146c   0x00000016   Code   RO         1315    i.DMA_Cmd           stm32f4xx_dma.o
    0x08001482   0x00000002   PAD
    0x08001484   0x00000158   Code   RO         1316    i.DMA_DeInit        stm32f4xx_dma.o
    0x080015dc   0x00000016   Code   RO         1317    i.DMA_DoubleBufferModeCmd  stm32f4xx_dma.o
    0x080015f2   0x00000018   Code   RO         1318    i.DMA_DoubleBufferModeConfig  stm32f4xx_dma.o
    0x0800160a   0x00000008   Code   RO         1321    i.DMA_GetCurrDataCounter  stm32f4xx_dma.o
    0x08001612   0x00000014   Code   RO         1322    i.DMA_GetCurrentMemoryTarget  stm32f4xx_dma.o
    0x08001626   0x00000002   PAD
    0x08001628   0x00000058   Code   RO         1327    i.DMA_Init          stm32f4xx_dma.o
    0x08001680   0x00000022   Code   RO         1331    i.DMA_StructInit    stm32f4xx_dma.o
    0x080016a2   0x00000002   Code   RO          186    i.DebugMon_Handler  stm32f4xx_it.o
    0x080016a4   0x00000090   Code   RO         2094    i.GPIO_Init         stm32f4xx_gpio.o
    0x08001734   0x00000030   Code   RO         5437    i.GPIO_PD_Init      gpio.o
    0x08001764   0x0000003c   Code   RO         5438    i.GPIO_PE6_Init     gpio.o
    0x080017a0   0x0000003c   Code   RO         5439    i.GPIO_PE_Init      gpio.o
    0x080017dc   0x00000030   Code   RO         5440    i.GPIO_PF_Init      gpio.o
    0x0800180c   0x00000054   Code   RO         5441    i.GPIO_PH_Init      gpio.o
    0x08001860   0x00000046   Code   RO         2095    i.GPIO_PinAFConfig  stm32f4xx_gpio.o
    0x080018a6   0x00000012   Code   RO         2098    i.GPIO_ReadInputDataBit  stm32f4xx_gpio.o
    0x080018b8   0x00000012   Code   RO         2100    i.GPIO_ReadOutputDataBit  stm32f4xx_gpio.o
    0x080018ca   0x00000004   Code   RO         2101    i.GPIO_ResetBits    stm32f4xx_gpio.o
    0x080018ce   0x00000004   Code   RO         2102    i.GPIO_SetBits      stm32f4xx_gpio.o
    0x080018d2   0x00000012   Code   RO         2103    i.GPIO_StructInit   stm32f4xx_gpio.o
    0x080018e4   0x00000014   Code   RO         6053    i.GetEncoderBias    encodertask.o
    0x080018f8   0x00000034   Code   RO         5531    i.Get_CRC16_Check_Sum  crc.o
    0x0800192c   0x00000024   Code   RO         5532    i.Get_CRC8_Check_Sum  crc.o
    0x08001950   0x00000008   Code   RO         5668    i.Get_Time_Micros   timer.o
    0x08001958   0x00000004   Code   RO          187    i.HardFault_Handler  stm32f4xx_it.o
    0x0800195c   0x00000204   Code   RO         5490    i.IMUDataProcess    usart6.o
    0x08001b60   0x00000040   Code   RO         5163    i.KEY_Scan_X        key.o
    0x08001ba0   0x00000040   Code   RO         5164    i.KEY_Scan_Z        key.o
    0x08001be0   0x00000040   Code   RO         5165    i.KEY_Scan_ctrl     key.o
    0x08001c20   0x00000086   Code   RO         6303    i.KalmanFilter      kalman.o
    0x08001ca6   0x00000004   Code   RO          188    i.MemManage_Handler  stm32f4xx_it.o
    0x08001caa   0x00000002   PAD
    0x08001cac   0x00000178   Code   RO         6117    i.MotorExecution    motortask.o
    0x08001e24   0x00000124   Code   RO         6054    i.Motor_2006_EncoderProcess  encodertask.o
    0x08001f48   0x0000013c   Code   RO         6055    i.Motor_3508_EncoderProcess  encodertask.o
    0x08002084   0x00000002   Code   RO          189    i.NMI_Handler       stm32f4xx_it.o
    0x08002086   0x00000002   PAD
    0x08002088   0x00000078   Code   RO          300    i.NVIC_Init         misc.o
    0x08002100   0x00000014   Code   RO          301    i.NVIC_PriorityGroupConfig  misc.o
    0x08002114   0x00000144   Code   RO         6009    i.PID_Calc          pidregulation.o
    0x08002258   0x000001d4   Code   RO         6010    i.PID_Calc_1        pidregulation.o
    0x0800242c   0x00000048   Code   RO         6011    i.PID_Reset         pidregulation.o
    0x08002474   0x000003cc   Code   RO         5358    i.PWM_Configuration_AUTO  pwm.o
    0x08002840   0x00000048   Code   RO         5359    i.PWM_PD12_Configuration  pwm.o
    0x08002888   0x00000048   Code   RO         5360    i.PWM_PI5_Configuration  pwm.o
    0x080028d0   0x00000048   Code   RO         5361    i.PWM_PI6_Configuration  pwm.o
    0x08002918   0x00000002   Code   RO          190    i.PendSV_Handler    stm32f4xx_it.o
    0x0800291a   0x00000002   PAD
    0x0800291c   0x00000094   Code   RO         6118    i.Position_set      motortask.o
    0x080029b0   0x00000094   Code   RO         6119    i.Position_set_slow  motortask.o
    0x08002a44   0x00000020   Code   RO         2958    i.RCC_AHB1PeriphClockCmd  stm32f4xx_rcc.o
    0x08002a64   0x00000020   Code   RO         2967    i.RCC_APB1PeriphClockCmd  stm32f4xx_rcc.o
    0x08002a84   0x00000020   Code   RO         2969    i.RCC_APB1PeriphResetCmd  stm32f4xx_rcc.o
    0x08002aa4   0x00000020   Code   RO         2970    i.RCC_APB2PeriphClockCmd  stm32f4xx_rcc.o
    0x08002ac4   0x00000020   Code   RO         2972    i.RCC_APB2PeriphResetCmd  stm32f4xx_rcc.o
    0x08002ae4   0x000000e8   Code   RO         2979    i.RCC_GetClocksFreq  stm32f4xx_rcc.o
    0x08002bcc   0x00000038   Code   RO         5607    i.RingBuffer_Read   usart3.o
    0x08002c04   0x00000040   Code   RO         5608    i.RingBuffer_Write  usart3.o
    0x08002c44   0x00000002   Code   RO          191    i.SVC_Handler       stm32f4xx_it.o
    0x08002c46   0x00000002   PAD
    0x08002c48   0x00000120   Code   RO          256    i.SetSysClock       system_stm32f4xx.o
    0x08002d68   0x0000005c   Code   RO         6120    i.Set_CM_Speed      motortask.o
    0x08002dc4   0x0000005c   Code   RO         6121    i.Set_XM_Speed      motortask.o
    0x08002e20   0x0000005c   Code   RO         6122    i.Set_XM_SpeedPlus  motortask.o
    0x08002e7c   0x0000005c   Code   RO         6123    i.Set_XM_SpeedPlus2  motortask.o
    0x08002ed8   0x000000be   Code   RO         5362    i.Switch_GPIO_PinSource  pwm.o
    0x08002f96   0x00000002   Code   RO          192    i.SysTick_Handler   stm32f4xx_it.o
    0x08002f98   0x00000068   Code   RO          258    i.SystemInit        system_stm32f4xx.o
    0x08003000   0x0000003c   Code   RO         5669    i.TIM2_Configuration  timer.o
    0x0800303c   0x0000001e   Code   RO         5670    i.TIM2_IRQHandler   timer.o
    0x0800305a   0x00000002   PAD
    0x0800305c   0x000000d0   Code   RO         5575    i.TIM5_IRQHandler   tim5init.o
    0x0800312c   0x00000028   Code   RO         5255    i.TIM6_DAC_IRQHandler  tim6init.o
    0x08003154   0x0000004c   Code   RO         5256    i.TIM6_Init         tim6init.o
    0x080031a0   0x00000024   Code   RO         5257    i.TIM6_Start        tim6init.o
    0x080031c4   0x00000018   Code   RO         4290    i.TIM_ARRPreloadConfig  stm32f4xx_tim.o
    0x080031dc   0x00000006   Code   RO         4296    i.TIM_ClearFlag     stm32f4xx_tim.o
    0x080031e2   0x00000006   Code   RO         4297    i.TIM_ClearITPendingBit  stm32f4xx_tim.o
    0x080031e8   0x00000018   Code   RO         4302    i.TIM_Cmd           stm32f4xx_tim.o
    0x08003200   0x0000001e   Code   RO         4304    i.TIM_CtrlPWMOutputs  stm32f4xx_tim.o
    0x0800321e   0x00000006   Code   RO         4317    i.TIM_GetCapture1   stm32f4xx_tim.o
    0x08003224   0x00000022   Code   RO         4323    i.TIM_GetITStatus   stm32f4xx_tim.o
    0x08003246   0x00000012   Code   RO         4327    i.TIM_ITConfig      stm32f4xx_tim.o
    0x08003258   0x0000007c   Code   RO         4331    i.TIM_OC1Init       stm32f4xx_tim.o
    0x080032d4   0x00000012   Code   RO         4333    i.TIM_OC1PolarityConfig  stm32f4xx_tim.o
    0x080032e6   0x00000002   PAD
    0x080032e8   0x000000a4   Code   RO         4336    i.TIM_OC2Init       stm32f4xx_tim.o
    0x0800338c   0x000000a0   Code   RO         4341    i.TIM_OC3Init       stm32f4xx_tim.o
    0x0800342c   0x00000078   Code   RO         4346    i.TIM_OC4Init       stm32f4xx_tim.o
    0x080034a4   0x00000004   Code   RO         4364    i.TIM_SetCompare1   stm32f4xx_tim.o
    0x080034a8   0x00000004   Code   RO         4365    i.TIM_SetCompare2   stm32f4xx_tim.o
    0x080034ac   0x00000004   Code   RO         4368    i.TIM_SetCounter    stm32f4xx_tim.o
    0x080034b0   0x00000084   Code   RO         4374    i.TIM_TimeBaseInit  stm32f4xx_tim.o
    0x08003534   0x000000c0   Code   RO         5290    i.USART1_IRQHandler  usart1.o
    0x080035f4   0x00000140   Code   RO         5291    i.USART1_Init       usart1.o
    0x08003734   0x00000218   Code   RO         5610    i.USART3_IRQHandler  usart3.o
    0x0800394c   0x00000140   Code   RO         5611    i.USART3_Init       usart3.o
    0x08003a8c   0x00000130   Code   RO         5491    i.USART6_Configuration  usart6.o
    0x08003bbc   0x000000c0   Code   RO         5492    i.USART6_IRQHandler  usart6.o
    0x08003c7c   0x000000c4   Code   RO         5829    i.USART7_Init       usart7.o
    0x08003d40   0x00000018   Code   RO         4852    i.USART_Cmd         stm32f4xx_usart.o
    0x08003d58   0x00000012   Code   RO         4853    i.USART_DMACmd      stm32f4xx_usart.o
    0x08003d6a   0x00000002   PAD
    0x08003d6c   0x000000f0   Code   RO         4854    i.USART_DeInit      stm32f4xx_usart.o
    0x08003e5c   0x00000054   Code   RO         4856    i.USART_GetITStatus  stm32f4xx_usart.o
    0x08003eb0   0x0000004a   Code   RO         4858    i.USART_ITConfig    stm32f4xx_usart.o
    0x08003efa   0x00000002   PAD
    0x08003efc   0x000000d4   Code   RO         4859    i.USART_Init        stm32f4xx_usart.o
    0x08003fd0   0x00000008   Code   RO         4869    i.USART_SendData    stm32f4xx_usart.o
    0x08003fd8   0x00000018   Code   RO         4875    i.USART_StructInit  stm32f4xx_usart.o
    0x08003ff0   0x00000004   Code   RO          193    i.UsageFault_Handler  stm32f4xx_it.o
    0x08003ff4   0x00000010   Code   RO         6267    i.VAL_LIMIT         dataprocessing.o
    0x08004004   0x00000020   Code   RO         6012    i.VAL_LIMITF        pidregulation.o
    0x08004024   0x00000024   Code   RO         5967    i.WorkStateSwitchProcess  workstate.o
    0x08004048   0x00000030   Code   RO         6459    i.__ARM_fpclassify  m_wm.l(fpclassify.o)
    0x08004078   0x000000c8   Code   RO         6375    i.__hardfp_cos      m_wm.l(cos.o)
    0x08004140   0x00000438   Code   RO         6422    i.__ieee754_rem_pio2  m_wm.l(rred.o)
    0x08004578   0x00000170   Code   RO         6405    i.__kernel_cos      m_wm.l(cos_i.o)
    0x080046e8   0x000000f8   Code   RO         6461    i.__kernel_poly     m_wm.l(poly.o)
    0x080047e0   0x00000130   Code   RO         6427    i.__kernel_sin      m_wm.l(sin_i.o)
    0x08004910   0x00000014   Code   RO         6409    i.__mathlib_dbl_infnan  m_wm.l(dunder.o)
    0x08004924   0x00000004   PAD
    0x08004928   0x00000020   Code   RO         6411    i.__mathlib_dbl_invalid  m_wm.l(dunder.o)
    0x08004948   0x00000020   Code   RO         6414    i.__mathlib_dbl_underflow  m_wm.l(dunder.o)
    0x08004968   0x00000054   Code   RO         5216    i.allInit           allinit.o
    0x080049bc   0x000000c0   Code   RO         6124    i.camera_system     motortask.o
    0x08004a7c   0x000001c4   Code   RO         6125    i.chassis_system    motortask.o
    0x08004c40   0x000005e8   Code   RO         5968    i.chooseWorkstate   workstate.o
    0x08005228   0x00000088   Code   RO         5865    i.controlTask       controltask.o
    0x080052b0   0x00000018   Code   RO         6455    i.fabs              m_wm.l(fabs.o)
    0x080052c8   0x0000000c   Code   RO         5925    i.getLeftSwitchMode  rightswitch.o
    0x080052d4   0x00000054   Code   RO         5969    i.getMINERAL        workstate.o
    0x08005328   0x0000000c   Code   RO         5926    i.getRightSwitchMode  rightswitch.o
    0x08005334   0x00000010   Code   RO         5612    i.getRobotState     usart3.o
    0x08005344   0x0000000c   Code   RO         5970    i.getWorkstate      workstate.o
    0x08005350   0x00000030   Code   RO         5217    i.kalerman_init     allinit.o
    0x08005380   0x00000038   Code   RO         6304    i.kalmanCreate      kalman.o
    0x080053b8   0x0000000c   Code   RO            3    i.main              main.o
    0x080053c4   0x00008480   Code   RO         6127    i.motorParameterSettingTask  motortask.o
    0x0800d844   0x000000e0   Code   RO         6130    i.motorstop         motortask.o
    0x0800d924   0x00000310   Code   RO         6268    i.mouseKeyDataProcessing  dataprocessing.o
    0x0800dc34   0x000000ac   Code   RO         6131    i.move_system       motortask.o
    0x0800dce0   0x000000fc   Code   RO         5898    i.remoteDataProcess  remotetask.o
    0x0800dddc   0x00000080   Code   RO         6269    i.remoteDataProcessing  dataprocessing.o
    0x0800de5c   0x000000d0   Code   RO         6132    i.rescue_system     motortask.o
    0x0800df2c   0x00000028   Code   RO         5927    i.setLeftSwitchMode  rightswitch.o
    0x0800df54   0x00000028   Code   RO         5928    i.setRightSwitchMode  rightswitch.o
    0x0800df7c   0x00000018   Code   RO         5830    i.uart_test         usart7.o
    0x0800df94   0x00000018   Code   RO         6392    x$fpl$basic         fz_wm.l(basic.o)
    0x0800dfac   0x00000062   Code   RO         6345    x$fpl$d2f           fz_wm.l(d2f.o)
    0x0800e00e   0x00000002   PAD
    0x0800e010   0x00000150   Code   RO         6347    x$fpl$dadd          fz_wm.l(daddsub_clz.o)
    0x0800e160   0x00000018   Code   RO         6394    x$fpl$dcmpinf       fz_wm.l(dcmpi.o)
    0x0800e178   0x000002b0   Code   RO         6354    x$fpl$ddiv          fz_wm.l(ddiv.o)
    0x0800e428   0x0000005e   Code   RO         6357    x$fpl$dfix          fz_wm.l(dfix.o)
    0x0800e486   0x0000002e   Code   RO         6362    x$fpl$dflt          fz_wm.l(dflt_clz.o)
    0x0800e4b4   0x00000026   Code   RO         6361    x$fpl$dfltu         fz_wm.l(dflt_clz.o)
    0x0800e4da   0x00000002   PAD
    0x0800e4dc   0x00000078   Code   RO         6367    x$fpl$dleqf         fz_wm.l(dleqf.o)
    0x0800e554   0x00000154   Code   RO         6369    x$fpl$dmul          fz_wm.l(dmul.o)
    0x0800e6a8   0x0000009c   Code   RO         6396    x$fpl$dnaninf       fz_wm.l(dnaninf.o)
    0x0800e744   0x0000000c   Code   RO         6398    x$fpl$dretinf       fz_wm.l(dretinf.o)
    0x0800e750   0x0000006c   Code   RO         6371    x$fpl$drleqf        fz_wm.l(drleqf.o)
    0x0800e7bc   0x00000016   Code   RO         6348    x$fpl$drsb          fz_wm.l(daddsub_clz.o)
    0x0800e7d2   0x00000002   PAD
    0x0800e7d4   0x000001d4   Code   RO         6349    x$fpl$dsub          fz_wm.l(daddsub_clz.o)
    0x0800e9a8   0x00000056   Code   RO         6373    x$fpl$f2d           fz_wm.l(f2d.o)
    0x0800e9fe   0x0000008c   Code   RO         6400    x$fpl$fnaninf       fz_wm.l(fnaninf.o)
    0x0800ea8a   0x0000000a   Code   RO         6532    x$fpl$fpinit        fz_wm.l(fpinit.o)
    0x0800ea94   0x0000000a   Code   RO         6402    x$fpl$fretinf       fz_wm.l(fretinf.o)
    0x0800ea9e   0x00000000   Code   RO         6404    x$fpl$usenofp       fz_wm.l(usenofp.o)
    0x0800ea9e   0x00000300   Data   RO         5533    .constdata          crc.o
    0x0800ed9e   0x00000002   PAD
    0x0800eda0   0x00000030   Data   RO         6406    .constdata          m_wm.l(cos_i.o)
    0x0800edd0   0x000000c8   Data   RO         6424    .constdata          m_wm.l(rred.o)
    0x0800ee98   0x00000028   Data   RO         6428    .constdata          m_wm.l(sin_i.o)
    0x0800eec0   0x00000020   Data   RO         6600    Region$$Table       anon$$obj.o


    Execution Region RW_IRAM1 (Base: 0x20000000, Size: 0x00001778, Max: 0x00030000, ABSOLUTE, COMPRESSED[0x000000b4])

    Base Addr    Size         Type   Attr      Idx    E Section Name        Object

    0x20000000   0x00000010   Data   RW         3011    .data               stm32f4xx_rcc.o
    0x20000010   0x00000004   Data   RW         5166    .data               key.o
    0x20000014   0x00000008   Data   RW         5293    .data               usart1.o
    0x2000001c   0x00000030   Data   RW         5494    .data               usart6.o
    0x2000004c   0x00000004   Data   RW         5577    .data               tim5init.o
    0x20000050   0x00000014   Data   RW         5614    .data               usart3.o
    0x20000064   0x00000010   Data   RW         5866    .data               controltask.o
    0x20000074   0x00000008   Data   RW         5900    .data               remotetask.o
    0x2000007c   0x00000008   Data   RW         5929    .data               rightswitch.o
    0x20000084   0x0000000a   Data   RW         5971    .data               workstate.o
    0x2000008e   0x00000002   PAD
    0x20000090   0x000006c0   Data   RW         6013    .data               pidregulation.o
    0x20000750   0x00000008   Data   RW         6058    .data               encodertask.o
    0x20000758   0x000000bc   Data   RW         6134    .data               motortask.o
    0x20000814   0x00000038   Data   RW         6270    .data               dataprocessing.o
    0x2000084c   0x000000b0   Zero   RW         5218    .bss                allinit.o
    0x200008fc   0x0000003c   Zero   RW         5292    .bss                usart1.o
    0x20000938   0x000000a8   Zero   RW         5493    .bss                usart6.o
    0x200009e0   0x0000018f   Zero   RW         5613    .bss                usart3.o
    0x20000b6f   0x000000c3   Zero   RW         5671    .bss                timer.o
    0x20000c32   0x00000016   Zero   RW         5899    .bss                remotetask.o
    0x20000c48   0x000004d0   Zero   RW         6057    .bss                encodertask.o
    0x20001118   0x00000060   Zero   RW         6464    .bss                c_w.l(libspace.o)
    0x20001178   0x00000200   Zero   RW          292    HEAP                startup_stm32f427x.o
    0x20001378   0x00000400   Zero   RW          291    STACK               startup_stm32f427x.o


==============================================================================

Image component sizes


      Code (inc. data)   RO Data    RW Data    ZI Data      Debug   Object Name

       132         16          0          0        176       2671   allinit.o
       356         24          0          0          0       1856   can1.o
       372         24          0          0          0       1848   can2.o
       520        164          0         16          0       1643   controltask.o
        88         12        768          0          0       2220   crc.o
       928         92          0         56          0       4325   dataprocessing.o
      1436        144          0          8       1232       5027   encodertask.o
       300         22          0          0          0       2612   gpio.o
       190          6          0          0          0       1954   kalman.o
       192         12          0          4          0       3679   key.o
        12          0          0          0          0      71887   main.o
       140         24          0          0          0     245355   misc.o
     36932       3894          0        188          0      31482   motortask.o
       896         28          0       1728          0       3993   pidregulation.o
      1378         46          0          0          0       3846   pwm.o
       252          4          0          8         22       1862   remotetask.o
       104         20          0          8          0       2883   rightswitch.o
         0          0          0          0          0       1016   rm_cilent_ui.o
        64         26        428          0       1536        828   startup_stm32f427x.o
      1710         26          0          0          0       8184   stm32f4xx_can.o
       562         26          0          0          0       6056   stm32f4xx_dma.o
       276          0          0          0          0       4706   stm32f4xx_gpio.o
        26          0          0          0          0       4070   stm32f4xx_it.o
       392         48          0         16          0       5809   stm32f4xx_rcc.o
       878         66          0          0          0      11109   stm32f4xx_tim.o
       684         42          0          0          0       6092   stm32f4xx_usart.o
       392         32          0          0          0       1505   system_stm32f4xx.o
       208         12          0          4          0        880   tim5init.o
       152         18          0          0          0       1579   tim6init.o
        98          0          0          0        195       2949   timer.o
       512         40          0          8         60       1966   usart1.o
       992         86          0         20        399       6212   usart3.o
      1012        100          0         48        168       3059   usart6.o
       220         16          0          0          0       1162   usart7.o
      1644        144          0         10          0       3868   workstate.o

    ----------------------------------------------------------------------
     54074       5214       1230       2124       3788     460193   Object Totals
         0          0         32          0          0          0   (incl. Generated)
        24          0          2          2          0          0   (incl. Padding)

    ----------------------------------------------------------------------

      Code (inc. data)   RO Data    RW Data    ZI Data      Debug   Library Member Name

        90          0          0          0          0          0   __dczerorl2.o
         8          0          0          0          0         68   __main.o
         0          0          0          0          0          0   __rtentry.o
        12          0          0          0          0          0   __rtentry2.o
         6          0          0          0          0          0   __rtentry4.o
        52          8          0          0          0          0   __scatter.o
        28          0          0          0          0          0   __scatter_zi.o
        22          0          0          0          0        100   _rserrno.o
        18          0          0          0          0         80   exit.o
         6          0          0          0          0        152   heapauxi.o
         0          0          0          0          0          0   indicate_semi.o
         2          0          0          0          0          0   libinit.o
         6          0          0          0          0          0   libinit2.o
         2          0          0          0          0          0   libshutdown.o
         2          0          0          0          0          0   libshutdown2.o
         8          4          0          0         96         68   libspace.o
         8          4          0          0          0         68   rt_errno_addr_intlibspace.o
         2          0          0          0          0          0   rtexit.o
        10          0          0          0          0          0   rtexit2.o
        12          4          0          0          0         68   sys_exit.o
        74          0          0          0          0         80   sys_stackheap_outer.o
         2          0          0          0          0         68   use_no_semi.o
        24          0          0          0          0        164   basic.o
        98          4          0          0          0        140   d2f.o
       826         16          0          0          0        492   daddsub_clz.o
        24          0          0          0          0        116   dcmpi.o
       688        140          0          0          0        256   ddiv.o
        94          4          0          0          0        140   dfix.o
        84          0          0          0          0        232   dflt_clz.o
       120          4          0          0          0        140   dleqf.o
       340         12          0          0          0        152   dmul.o
       156          4          0          0          0        140   dnaninf.o
        12          0          0          0          0        116   dretinf.o
       108          0          0          0          0        128   drleqf.o
        86          4          0          0          0        132   f2d.o
       140          4          0          0          0        132   fnaninf.o
        10          0          0          0          0        116   fpinit.o
        10          0          0          0          0        116   fretinf.o
         0          0          0          0          0          0   usenofp.o
       200         20          0          0          0        164   cos.o
       368         46         48          0          0        200   cos_i.o
        84         16          0          0          0        372   dunder.o
        24          0          0          0          0        124   fabs.o
        48          0          0          0          0        124   fpclassify.o
       248          0          0          0          0        152   poly.o
      1080        142        200          0          0        188   rred.o
       304         24         40          0          0        208   sin_i.o

    ----------------------------------------------------------------------
      5560        460        288          0         96       4996   Library Totals
        14          0          0          0          0          0   (incl. Padding)

    ----------------------------------------------------------------------

      Code (inc. data)   RO Data    RW Data    ZI Data      Debug   Library Name

       370         20          0          0         96        752   c_w.l
      2820        192          0          0          0       2712   fz_wm.l
      2356        248        288          0          0       1532   m_wm.l

    ----------------------------------------------------------------------
      5560        460        288          0         96       4996   Library Totals

    ----------------------------------------------------------------------

==============================================================================


      Code (inc. data)   RO Data    RW Data    ZI Data      Debug   

     59634       5674       1518       2124       3884     447729   Grand Totals
     59634       5674       1518        180       3884     447729   ELF Image Totals (compressed)
     59634       5674       1518        180          0          0   ROM Totals

==============================================================================

    Total RO  Size (Code + RO Data)                61152 (  59.72kB)
    Total RW  Size (RW Data + ZI Data)              6008 (   5.87kB)
    Total ROM Size (Code + RO Data + RW Data)      61332 (  59.89kB)

==============================================================================

